Component: ARM Compiler 5.05 update 2 (build 169) Tool: armlink [4d0f33]

==============================================================================

Section Cross References

    startup_stm32g031xx.o(STACK) refers (Special) to heapauxi.o(.text) for __use_two_region_memory
    startup_stm32g031xx.o(HEAP) refers (Special) to heapauxi.o(.text) for __use_two_region_memory
    startup_stm32g031xx.o(RESET) refers (Special) to heapauxi.o(.text) for __use_two_region_memory
    startup_stm32g031xx.o(RESET) refers to startup_stm32g031xx.o(STACK) for __initial_sp
    startup_stm32g031xx.o(RESET) refers to startup_stm32g031xx.o(.text) for Reset_Handler
    startup_stm32g031xx.o(RESET) refers to stm32g0xx_it.o(i.NMI_Handler) for NMI_Handler
    startup_stm32g031xx.o(RESET) refers to stm32g0xx_it.o(i.HardFault_Handler) for HardFault_Handler
    startup_stm32g031xx.o(RESET) refers to stm32g0xx_it.o(i.SVC_Handler) for SVC_Handler
    startup_stm32g031xx.o(RESET) refers to stm32g0xx_it.o(i.PendSV_Handler) for PendSV_Handler
    startup_stm32g031xx.o(RESET) refers to stm32g0xx_it.o(i.SysTick_Handler) for SysTick_Handler
    startup_stm32g031xx.o(RESET) refers to stm32g0xx_it.o(i.SPI1_IRQHandler) for SPI1_IRQHandler
    startup_stm32g031xx.o(RESET) refers to stm32g0xx_it.o(i.USART1_IRQHandler) for USART1_IRQHandler
    startup_stm32g031xx.o(RESET) refers to stm32g0xx_it.o(i.USART2_IRQHandler) for USART2_IRQHandler
    startup_stm32g031xx.o(.text) refers (Special) to heapauxi.o(.text) for __use_two_region_memory
    startup_stm32g031xx.o(.text) refers to system_stm32g0xx.o(i.SystemInit) for SystemInit
    startup_stm32g031xx.o(.text) refers to __main.o(!!!main) for __main
    startup_stm32g031xx.o(.text) refers to startup_stm32g031xx.o(HEAP) for Heap_Mem
    startup_stm32g031xx.o(.text) refers to startup_stm32g031xx.o(STACK) for Stack_Mem
    main.o(i.MX_GPIO_Init) refers to rt_memclr.o(.text) for __aeabi_memclr4
    main.o(i.MX_GPIO_Init) refers to stm32g0xx_hal_gpio.o(i.HAL_GPIO_WritePin) for HAL_GPIO_WritePin
    main.o(i.MX_GPIO_Init) refers to stm32g0xx_hal_gpio.o(i.HAL_GPIO_Init) for HAL_GPIO_Init
    main.o(i.MX_SPI1_Init) refers to stm32g0xx_hal_spi.o(i.HAL_SPI_Init) for HAL_SPI_Init
    main.o(i.MX_SPI1_Init) refers to main.o(.bss) for .bss
    main.o(i.MX_USART1_UART_Init) refers to stm32g0xx_hal_uart.o(i.HAL_UART_Init) for HAL_UART_Init
    main.o(i.MX_USART1_UART_Init) refers to stm32g0xx_hal_uart_ex.o(i.HAL_UARTEx_SetTxFifoThreshold) for HAL_UARTEx_SetTxFifoThreshold
    main.o(i.MX_USART1_UART_Init) refers to stm32g0xx_hal_uart_ex.o(i.HAL_UARTEx_SetRxFifoThreshold) for HAL_UARTEx_SetRxFifoThreshold
    main.o(i.MX_USART1_UART_Init) refers to stm32g0xx_hal_uart_ex.o(i.HAL_UARTEx_DisableFifoMode) for HAL_UARTEx_DisableFifoMode
    main.o(i.MX_USART1_UART_Init) refers to main.o(.bss) for .bss
    main.o(i.MX_USART2_UART_Init) refers to stm32g0xx_hal_uart.o(i.HAL_UART_Init) for HAL_UART_Init
    main.o(i.MX_USART2_UART_Init) refers to main.o(.bss) for .bss
    main.o(i.SystemClock_Config) refers to rt_memclr.o(.text) for __aeabi_memclr4
    main.o(i.SystemClock_Config) refers to stm32g0xx_hal_pwr_ex.o(i.HAL_PWREx_ControlVoltageScaling) for HAL_PWREx_ControlVoltageScaling
    main.o(i.SystemClock_Config) refers to stm32g0xx_hal_rcc.o(i.HAL_RCC_OscConfig) for HAL_RCC_OscConfig
    main.o(i.SystemClock_Config) refers to stm32g0xx_hal_rcc.o(i.HAL_RCC_ClockConfig) for HAL_RCC_ClockConfig
    main.o(i.main) refers to stm32g0xx_hal.o(i.HAL_Init) for HAL_Init
    main.o(i.main) refers to main.o(i.SystemClock_Config) for SystemClock_Config
    main.o(i.main) refers to main.o(i.MX_GPIO_Init) for MX_GPIO_Init
    main.o(i.main) refers to main.o(i.MX_SPI1_Init) for MX_SPI1_Init
    main.o(i.main) refers to main.o(i.MX_USART1_UART_Init) for MX_USART1_UART_Init
    main.o(i.main) refers to main.o(i.MX_USART2_UART_Init) for MX_USART2_UART_Init
    main.o(i.main) refers to board.o(i.boardPreInit) for boardPreInit
    main.o(i.main) refers to board.o(i.boardInit) for boardInit
    main.o(i.main) refers to task.o(i.taskPolling) for taskPolling
    stm32g0xx_it.o(i.SPI1_IRQHandler) refers to stm32g0xx_hal_spi.o(i.HAL_SPI_IRQHandler) for HAL_SPI_IRQHandler
    stm32g0xx_it.o(i.SPI1_IRQHandler) refers to main.o(.bss) for hspi1
    stm32g0xx_it.o(i.SysTick_Handler) refers to stm32g0xx_hal.o(i.HAL_IncTick) for HAL_IncTick
    stm32g0xx_it.o(i.SysTick_Handler) refers to task.o(i.taskIrq) for taskIrq
    stm32g0xx_it.o(i.USART1_IRQHandler) refers to stm32g0xx_hal_uart.o(i.HAL_UART_IRQHandler) for HAL_UART_IRQHandler
    stm32g0xx_it.o(i.USART1_IRQHandler) refers to main.o(.bss) for huart1
    stm32g0xx_it.o(i.USART2_IRQHandler) refers to stm32g0xx_hal_uart.o(i.HAL_UART_IRQHandler) for HAL_UART_IRQHandler
    stm32g0xx_it.o(i.USART2_IRQHandler) refers to main.o(.bss) for huart2
    stm32g0xx_hal_msp.o(i.HAL_SPI_MspDeInit) refers to stm32g0xx_hal_gpio.o(i.HAL_GPIO_DeInit) for HAL_GPIO_DeInit
[...]
    iicioRead                                0x080053fd   Thumb Code   210  iic_io.o(i.iicioRead)
    i.iicioWrite                             0x080054ce   Section        0  iic_io.o(i.iicioWrite)
    iicioWrite                               0x080054cf   Thumb Code   134  iic_io.o(i.iicioWrite)
    i.ioReadReg                              0x08005554   Section        0  board.o(i.ioReadReg)
    i.ioWriteReg                             0x08005574   Section        0  board.o(i.ioWriteReg)
    i.led_flash_answer                       0x08005590   Section        0  led_flash.o(i.led_flash_answer)
    i.led_flash_handler                      0x080055a4   Section        0  led_flash.o(i.led_flash_handler)
    led_flash_handler                        0x080055a5   Thumb Code    42  led_flash.o(i.led_flash_handler)
    i.led_flash_init                         0x080055d4   Section        0  led_flash.o(i.led_flash_init)
    i.led_flash_setTickTmr                   0x080055ec   Section        0  led_flash.o(i.led_flash_setTickTmr)
    led_flash_setTickTmr                     0x080055ed   Thumb Code    34  led_flash.o(i.led_flash_setTickTmr)
    i.main                                   0x08005618   Section        0  main.o(i.main)
    i.print                                  0x08005640   Section        0  board.o(i.print)
    i.printS                                 0x08005680   Section        0  board.o(i.printS)
    i.readBuf                                0x0800569c   Section        0  at24cxx.o(i.readBuf)
    readBuf                                  0x0800569d   Thumb Code    72  at24cxx.o(i.readBuf)
    i.rs485AfterSend_1                       0x080056e4   Section        0  board.o(i.rs485AfterSend_1)
    rs485AfterSend_1                         0x080056e5   Thumb Code    54  board.o(i.rs485AfterSend_1)
    i.rs485BeforeSend_1                      0x08005724   Section        0  board.o(i.rs485BeforeSend_1)
    rs485BeforeSend_1                        0x08005725   Thumb Code    60  board.o(i.rs485BeforeSend_1)
    i.rs485RxFetchFrame                      0x08005768   Section        0  rs485dev.o(i.rs485RxFetchFrame)
    rs485RxFetchFrame                        0x08005769   Thumb Code     6  rs485dev.o(i.rs485RxFetchFrame)
    i.rs485RxMonitor                         0x0800576e   Section        0  rs485dev.o(i.rs485RxMonitor)
    rs485RxMonitor                           0x0800576f   Thumb Code     6  rs485dev.o(i.rs485RxMonitor)
    i.rs485TxPolling                         0x08005774   Section        0  rs485dev.o(i.rs485TxPolling)
    rs485TxPolling                           0x08005775   Thumb Code     6  rs485dev.o(i.rs485TxPolling)
    i.rs485TxSend                            0x0800577a   Section        0  rs485dev.o(i.rs485TxSend)
    rs485TxSend                              0x0800577b   Thumb Code    28  rs485dev.o(i.rs485TxSend)
    i.rs485TxSendString                      0x08005796   Section        0  rs485dev.o(i.rs485TxSendString)
    rs485TxSendString                        0x08005797   Thumb Code    58  rs485dev.o(i.rs485TxSendString)
    i.setupRs485Dev                          0x080057d0   Section        0  rs485dev.o(i.setupRs485Dev)
    i.setupUartDev                           0x08005844   Section        0  uartdev.o(i.setupUartDev)
    i.setup_appTmr                           0x080058d4   Section        0  app_timer.o(i.setup_appTmr)
    i.setup_cmdConsumer                      0x08005908   Section        0  cmd_consumer.o(i.setup_cmdConsumer)
    i.strFormat                              0x08005958   Section        0  misc.o(i.strFormat)
    i.taskIrq                                0x08005978   Section        0  task.o(i.taskIrq)
    i.taskPolling                            0x080059a4   Section        0  task.o(i.taskPolling)
    i.uartIsTxRBuffEmpty                     0x08005a0c   Section        0  uartdev.o(i.uartIsTxRBuffEmpty)
    uartIsTxRBuffEmpty                       0x08005a0d   Thumb Code    16  uartdev.o(i.uartIsTxRBuffEmpty)
    i.uartRxFetchFrame                       0x08005a1c   Section        0  uartdev.o(i.uartRxFetchFrame)
    uartRxFetchFrame                         0x08005a1d   Thumb Code   226  uartdev.o(i.uartRxFetchFrame)
    i.uartRxFetchLine                        0x08005b04   Section        0  uartdev.o(i.uartRxFetchLine)
    uartRxFetchLine                          0x08005b05   Thumb Code    18  uartdev.o(i.uartRxFetchLine)
    i.uartRxMonitor                          0x08005b1c   Section        0  uartdev.o(i.uartRxMonitor)
    uartRxMonitor                            0x08005b1d   Thumb Code   118  uartdev.o(i.uartRxMonitor)
    i.uartSend                               0x08005b92   Section        0  uartdev.o(i.uartSend)
    uartSend                                 0x08005b93   Thumb Code    50  uartdev.o(i.uartSend)
    i.uartStartRecv                          0x08005bc4   Section        0  uartdev.o(i.uartStartRecv)
    uartStartRecv                            0x08005bc5   Thumb Code    64  uartdev.o(i.uartStartRecv)
    i.uartTestRestartRecv                    0x08005c04   Section        0  uartdev.o(i.uartTestRestartRecv)
    uartTestRestartRecv                      0x08005c05   Thumb Code    32  uartdev.o(i.uartTestRestartRecv)
    i.uartTxPolling                          0x08005c24   Section        0  uartdev.o(i.uartTxPolling)
    uartTxPolling                            0x08005c25   Thumb Code    76  uartdev.o(i.uartTxPolling)
    i.uartTxSendFrame                        0x08005c70   Section        0  uartdev.o(i.uartTxSendFrame)
    uartTxSendFrame                          0x08005c71   Thumb Code   100  uartdev.o(i.uartTxSendFrame)
    i.writeBuf                               0x08005cd8   Section        0  at24cxx.o(i.writeBuf)
    writeBuf                                 0x08005cd9   Thumb Code   166  at24cxx.o(i.writeBuf)
    locale$$code                             0x08005d84   Section       44  lc_numeric_c.o(locale$$code)
    locale$$code                             0x08005db0   Section       44  lc_ctype_c.o(locale$$code)
    x$fpl$printf1                            0x08005ddc   Section       16  printf1.o(x$fpl$printf1)
    x$fpl$printf2                            0x08005dec   Section       16  printf2.o(x$fpl$printf2)
    .constdata                               0x08005dfc   Section       24  stm32g0xx_hal_uart.o(.constdata)
    x$fpl$usenofp                            0x08005dfc   Section        0  usenofp.o(x$fpl$usenofp)
    .constdata                               0x08005e14   Section       16  stm32g0xx_hal_uart_ex.o(.constdata)
    numerator                                0x08005e14   Data           8  stm32g0xx_hal_uart_ex.o(.constdata)
    denominator                              0x08005e1c   Data           8  stm32g0xx_hal_uart_ex.o(.constdata)
    .constdata                               0x08005e24   Section       64  system_stm32g0xx.o(.constdata)
    .constdata                               0x08005e64   Section       32  system_stm32g0xx.o(.constdata)
    .constdata                               0x08005e84   Section       32  misc.o(.constdata)
    .constdata                               0x08005ea4   Section      315  board.o(.constdata)
    __func__                                 0x08005fd2   Data          13  board.o(.constdata)
    .constdata                               0x08005fe0   Section        8  at24cxx.o(.constdata)
    .constdata                               0x08005fe8   Section        8  _printf_wctomb.o(.constdata)
    initial_mbstate                          0x08005fe8   Data           8  _printf_wctomb.o(.constdata)
    .constdata                               0x08005ff0   Section       40  _printf_hex_int_ll_ptr.o(.constdata)
    uc_hextab                                0x08005ff0   Data          20  _printf_hex_int_ll_ptr.o(.constdata)
    lc_hextab                                0x08006004   Data          20  _printf_hex_int_ll_ptr.o(.constdata)
    .constdata                               0x08006018   Section       17  __printf_flags_ss_wp.o(.constdata)
    maptable                                 0x08006018   Data          17  __printf_flags_ss_wp.o(.constdata)
    .constdata                               0x08006029   Section       38  _printf_fp_hex.o(.constdata)
    lc_hextab                                0x08006029   Data          19  _printf_fp_hex.o(.constdata)
    uc_hextab                                0x0800603c   Data          19  _printf_fp_hex.o(.constdata)
    .constdata                               0x08006050   Section      148  bigflt0.o(.constdata)
    tenpwrs_x                                0x08006050   Data          60  bigflt0.o(.constdata)
    tenpwrs_i                                0x0800608c   Data          64  bigflt0.o(.constdata)
    locale$$data                             0x08006104   Section       28  lc_numeric_c.o(locale$$data)
    __lcnum_c_name                           0x08006108   Data           2  lc_numeric_c.o(locale$$data)
    __lcnum_c_start                          0x08006110   Data           0  lc_numeric_c.o(locale$$data)
    __lcnum_c_point                          0x0800611c   Data           0  lc_numeric_c.o(locale$$data)
    __lcnum_c_thousands                      0x0800611e   Data           0  lc_numeric_c.o(locale$$data)
    __lcnum_c_grouping                       0x0800611f   Data           0  lc_numeric_c.o(locale$$data)
    locale$$data                             0x08006120   Section      272  lc_ctype_c.o(locale$$data)
    __lcnum_c_end                            0x08006120   Data           0  lc_numeric_c.o(locale$$data)
    __lcctype_c_name                         0x08006124   Data           2  lc_ctype_c.o(locale$$data)
    __lcctype_c_start                        0x0800612c   Data           0  lc_ctype_c.o(locale$$data)
    __lcctype_c_end                          0x08006230   Data           0  lc_ctype_c.o(locale$$data)
    .data                                    0x20000000   Section       12  stm32g0xx_hal.o(.data)
    .data                                    0x2000000c   Section        4  system_stm32g0xx.o(.data)
    .data                                    0x20000010   Section        4  misc.o(.data)
    .data                                    0x20000014   Section        8  board.o(.data)
    .data                                    0x2000001c   Section        2  task.o(.data)
    task_tick                                0x2000001c   Data           2  task.o(.data)
    .data                                    0x20000020   Section       16  led_flash.o(.data)
    ledTickTmr                               0x20000020   Data           2  led_flash.o(.data)
    ledTickTmrPrv                            0x20000022   Data           2  led_flash.o(.data)
    ledFlshTz                                0x20000024   Data           2  led_flash.o(.data)
    ledFlsh_tmr                              0x20000028   Data           4  led_flash.o(.data)
    ledPin                                   0x2000002c   Data           4  led_flash.o(.data)
    .bss                                     0x20000030   Section      396  main.o(.bss)
    .bss                                     0x200001bc   Section     2636  board.o(.bss)
    uartRxPool                               0x200001bc   Data         256  board.o(.bss)
    uartRxBuf                                0x200002bc   Data         256  board.o(.bss)
    uartTxPool                               0x200003bc   Data         256  board.o(.bss)
    rs485RxPool                              0x200004bc   Data         256  board.o(.bss)
    rs485RxBuf                               0x200005bc   Data         256  board.o(.bss)
    rs485TxPool                              0x200006bc   Data         256  board.o(.bss)
    .bss                                     0x20000c08   Section       96  libspace.o(.bss)
    HEAP                                     0x20000c68   Section      512  startup_stm32g031xx.o(HEAP)
    Heap_Mem                                 0x20000c68   Data         512  startup_stm32g031xx.o(HEAP)
    STACK                                    0x20000e68   Section     2048  startup_stm32g031xx.o(STACK)
    Stack_Mem                                0x20000e68   Data        2048  startup_stm32g031xx.o(STACK)
    __initial_sp                             0x20001668   Data           0  startup_stm32g031xx.o(STACK)

    Global Symbols

    Symbol Name                              Value     Ov Type        Size  Object(Section)

    BuildAttributes$$THM_ISAv3M$S$PE$A:L22$X:L11$S22$IEEE1$IW$USESV6$~STKCKD$USESV7$~SHL$OTIME$ROPI$IEEEJ$EBA8$UX$STANDARDLIB$REQ8$PRES8$EABIv2 0x00000000   Number         0  anon$$obj.o ABSOLUTE
    __ARM_use_no_argv                        0x00000000   Number         0  main.o ABSOLUTE
    _printf_flags                            0x00000000   Number         0  printf_stubs.o ABSOLUTE
    _printf_return_value                     0x00000000   Number         0  printf_stubs.o ABSOLUTE
    _printf_sizespec                         0x00000000   Number         0  printf_stubs.o ABSOLUTE
    _printf_widthprec                        0x00000000   Number         0  printf_stubs.o ABSOLUTE
    __ARM_exceptions_init                     - Undefined Weak Reference
    __alloca_initialize                       - Undefined Weak Reference
    __arm_preinit_                            - Undefined Weak Reference
    __cpp_initialize__aeabi_                  - Undefined Weak Reference
    __cxa_finalize                            - Undefined Weak Reference
    __sigvec_lookup                           - Undefined Weak Reference
    _atexit_init                              - Undefined Weak Reference
    _call_atexit_fns                          - Undefined Weak Reference
    _clock_init                               - Undefined Weak Reference
    _fp_trap_init                             - Undefined Weak Reference
    _fp_trap_shutdown                         - Undefined Weak Reference
    _get_lc_collate                           - Undefined Weak Reference
    _get_lc_monetary                          - Undefined Weak Reference
    _get_lc_time                              - Undefined Weak Reference
    _getenv_init                              - Undefined Weak Reference
    _handle_redirection                       - Undefined Weak Reference
    _init_alloc                               - Undefined Weak Reference
    _init_user_alloc                          - Undefined Weak Reference
    _initio                                   - Undefined Weak Reference
    _printf_mbtowc                            - Undefined Weak Reference
    _printf_wc                                - Undefined Weak Reference
    _rand_init                                - Undefined Weak Reference
    _scanf_longlong                           - Undefined Weak Reference
    _scanf_mbtowc                             - Undefined Weak Reference
    _scanf_real                               - Undefined Weak Reference
    _scanf_string                             - Undefined Weak Reference
    _scanf_wctomb                             - Undefined Weak Reference
    _scanf_wstring                            - Undefined Weak Reference
    _signal_finish                            - Undefined Weak Reference
    _signal_init                              - Undefined Weak Reference
    _terminate_alloc                          - Undefined Weak Reference
    _terminate_user_alloc                     - Undefined Weak Reference
    _terminateio                              - Undefined Weak Reference
    __Vectors_Size                           0x000000c0   Number         0  startup_stm32g031xx.o ABSOLUTE
    __Vectors                                0x08000000   Data           4  startup_stm32g031xx.o(RESET)
    __Vectors_End                            0x080000c0   Data           0  startup_stm32g031xx.o(RESET)
    __main                                   0x080000c1   Thumb Code     8  __main.o(!!!main)
    __scatterload                            0x080000c9   Thumb Code     0  __scatter.o(!!!scatter)
    __scatterload_rt2                        0x080000c9   Thumb Code    52  __scatter.o(!!!scatter)
    __scatterload_rt2_thumb_only             0x080000c9   Thumb Code     0  __scatter.o(!!!scatter)
    __scatterload_null                       0x080000d9   Thumb Code     0  __scatter.o(!!!scatter)
    __scatterload_copy                       0x08000105   Thumb Code    26  __scatter_copy.o(!!handler_copy)
    __scatterload_zeroinit                   0x08000121   Thumb Code    28  __scatter_zi.o(!!handler_zi)
    _printf_percent                          0x0800013d   Thumb Code     0  _printf_percent.o(.ARM.Collect$$_printf_percent$$00000000)
    _printf_n                                0x0800013f   Thumb Code     0  _printf_n.o(.ARM.Collect$$_printf_percent$$00000001)
    _printf_p                                0x08000149   Thumb Code     0  _printf_p.o(.ARM.Collect$$_printf_percent$$00000002)
    _printf_f                                0x08000153   Thumb Code     0  _printf_f.o(.ARM.Collect$$_printf_percent$$00000003)
    _printf_e                                0x0800015d   Thumb Code     0  _printf_e.o(.ARM.Collect$$_printf_percent$$00000004)
    _printf_g                                0x08000167   Thumb Code     0  _printf_g.o(.ARM.Collect$$_printf_percent$$00000005)
    _printf_a                                0x08000171   Thumb Code     0  _printf_a.o(.ARM.Collect$$_printf_percent$$00000006)
    _printf_ll                               0x0800017b   Thumb Code     0  _printf_ll.o(.ARM.Collect$$_printf_percent$$00000007)
    _printf_i                                0x08000185   Thumb Code     0  _printf_i.o(.ARM.Collect$$_printf_percent$$00000008)
    _printf_d                                0x0800018f   Thumb Code     0  _printf_d.o(.ARM.Collect$$_printf_percent$$00000009)
    _printf_u                                0x08000199   Thumb Code     0  _printf_u.o(.ARM.Collect$$_printf_percent$$0000000A)
    _printf_o                                0x080001a3   Thumb Code     0  _printf_o.o(.ARM.Collect$$_printf_percent$$0000000B)
    _printf_x                                0x080001ad   Thumb Code     0  _printf_x.o(.ARM.Collect$$_printf_percent$$0000000C)
    _printf_lli                              0x080001b7   Thumb Code     0  _printf_lli.o(.ARM.Collect$$_printf_percent$$0000000D)
    _printf_lld                              0x080001c1   Thumb Code     0  _printf_lld.o(.ARM.Collect$$_printf_percent$$0000000E)
    _printf_llu                              0x080001cb   Thumb Code     0  _printf_llu.o(.ARM.Collect$$_printf_percent$$0000000F)
    _printf_llo                              0x080001d5   Thumb Code     0  _printf_llo.o(.ARM.Collect$$_printf_percent$$00000010)
    _printf_llx                              0x080001df   Thumb Code     0  _printf_llx.o(.ARM.Collect$$_printf_percent$$00000011)
    _printf_l                                0x080001e9   Thumb Code     0  _printf_l.o(.ARM.Collect$$_printf_percent$$00000012)
    _printf_c                                0x080001f3   Thumb Code     0  _printf_c.o(.ARM.Collect$$_printf_percent$$00000013)
    _printf_s                                0x080001fd   Thumb Code     0  _printf_s.o(.ARM.Collect$$_printf_percent$$00000014)
    _printf_lc                               0x08000207   Thumb Code     0  _printf_lc.o(.ARM.Collect$$_printf_percent$$00000015)
    _printf_ls                               0x08000211   Thumb Code     0  _printf_ls.o(.ARM.Collect$$_printf_percent$$00000016)
    _printf_percent_end                      0x0800021b   Thumb Code     0  _printf_percent_end.o(.ARM.Collect$$_printf_percent$$00000017)
    __rt_lib_init                            0x0800021f   Thumb Code     0  libinit.o(.ARM.Collect$$libinit$$00000000)
    __rt_lib_init_fp_1                       0x08000221   Thumb Code     0  libinit2.o(.ARM.Collect$$libinit$$00000002)
    __rt_lib_init_heap_1                     0x08000221   Thumb Code     0  libinit2.o(.ARM.Collect$$libinit$$0000000A)
    __rt_lib_init_lc_common                  0x08000221   Thumb Code     0  libinit2.o(.ARM.Collect$$libinit$$0000000F)
    __rt_lib_init_preinit_1                  0x08000221   Thumb Code     0  libinit2.o(.ARM.Collect$$libinit$$00000004)
    __rt_lib_init_rand_1                     0x08000221   Thumb Code     0  libinit2.o(.ARM.Collect$$libinit$$0000000E)
    __rt_lib_init_user_alloc_1               0x08000221   Thumb Code     0  libinit2.o(.ARM.Collect$$libinit$$0000000C)
    __rt_lib_init_lc_collate_1               0x08000227   Thumb Code     0  libinit2.o(.ARM.Collect$$libinit$$00000011)
    __rt_lib_init_lc_ctype_2                 0x08000227   Thumb Code     0  libinit2.o(.ARM.Collect$$libinit$$00000012)
    __rt_lib_init_lc_ctype_1                 0x08000233   Thumb Code     0  libinit2.o(.ARM.Collect$$libinit$$00000013)
    __rt_lib_init_lc_monetary_1              0x08000233   Thumb Code     0  libinit2.o(.ARM.Collect$$libinit$$00000015)
    __rt_lib_init_lc_numeric_2               0x08000233   Thumb Code     0  libinit2.o(.ARM.Collect$$libinit$$00000016)
    __rt_lib_init_alloca_1                   0x0800023d   Thumb Code     0  libinit2.o(.ARM.Collect$$libinit$$0000002E)
    __rt_lib_init_argv_1                     0x0800023d   Thumb Code     0  libinit2.o(.ARM.Collect$$libinit$$0000002C)
    __rt_lib_init_atexit_1                   0x0800023d   Thumb Code     0  libinit2.o(.ARM.Collect$$libinit$$0000001B)
    __rt_lib_init_clock_1                    0x0800023d   Thumb Code     0  libinit2.o(.ARM.Collect$$libinit$$00000021)
    __rt_lib_init_cpp_1                      0x0800023d   Thumb Code     0  libinit2.o(.ARM.Collect$$libinit$$00000032)
    __rt_lib_init_exceptions_1               0x0800023d   Thumb Code     0  libinit2.o(.ARM.Collect$$libinit$$00000030)
    __rt_lib_init_fp_trap_1                  0x0800023d   Thumb Code     0  libinit2.o(.ARM.Collect$$libinit$$0000001F)
    __rt_lib_init_getenv_1                   0x0800023d   Thumb Code     0  libinit2.o(.ARM.Collect$$libinit$$00000023)
    __rt_lib_init_lc_numeric_1               0x0800023d   Thumb Code     0  libinit2.o(.ARM.Collect$$libinit$$00000017)
    __rt_lib_init_lc_time_1                  0x0800023d   Thumb Code     0  libinit2.o(.ARM.Collect$$libinit$$00000019)
    __rt_lib_init_return                     0x0800023d   Thumb Code     0  libinit2.o(.ARM.Collect$$libinit$$00000033)
    __rt_lib_init_signal_1                   0x0800023d   Thumb Code     0  libinit2.o(.ARM.Collect$$libinit$$0000001D)
    __rt_lib_init_stdio_1                    0x0800023d   Thumb Code     0  libinit2.o(.ARM.Collect$$libinit$$00000025)
    __rt_lib_shutdown                        0x0800023f   Thumb Code     0  libshutdown.o(.ARM.Collect$$libshutdown$$00000000)
    __rt_lib_shutdown_fp_trap_1              0x08000241   Thumb Code     0  libshutdown2.o(.ARM.Collect$$libshutdown$$00000006)
    __rt_lib_shutdown_heap_1                 0x08000241   Thumb Code     0  libshutdown2.o(.ARM.Collect$$libshutdown$$0000000E)
    __rt_lib_shutdown_return                 0x08000241   Thumb Code     0  libshutdown2.o(.ARM.Collect$$libshutdown$$0000000F)
    __rt_lib_shutdown_signal_1               0x08000241   Thumb Code     0  libshutdown2.o(.ARM.Collect$$libshutdown$$00000009)
    __rt_lib_shutdown_stdio_1                0x08000241   Thumb Code     0  libshutdown2.o(.ARM.Collect$$libshutdown$$00000003)
    __rt_lib_shutdown_user_alloc_1           0x08000241   Thumb Code     0  libshutdown2.o(.ARM.Collect$$libshutdown$$0000000B)
    __rt_entry                               0x08000243   Thumb Code     0  __rtentry.o(.ARM.Collect$$rtentry$$00000000)
    __rt_entry_presh_1                       0x08000243   Thumb Code     0  __rtentry2.o(.ARM.Collect$$rtentry$$00000002)
    __rt_entry_sh                            0x08000243   Thumb Code     0  __rtentry4.o(.ARM.Collect$$rtentry$$00000004)
    __rt_entry_li                            0x08000249   Thumb Code     0  __rtentry2.o(.ARM.Collect$$rtentry$$0000000A)
    __rt_entry_postsh_1                      0x08000249   Thumb Code     0  __rtentry2.o(.ARM.Collect$$rtentry$$00000009)
    __rt_entry_main                          0x0800024d   Thumb Code     0  __rtentry2.o(.ARM.Collect$$rtentry$$0000000D)
    __rt_entry_postli_1                      0x0800024d   Thumb Code     0  __rtentry2.o(.ARM.Collect$$rtentry$$0000000C)
    __rt_exit                                0x08000255   Thumb Code     0  rtexit.o(.ARM.Collect$$rtexit$$00000000)
    __rt_exit_ls                             0x08000257   Thumb Code     0  rtexit2.o(.ARM.Collect$$rtexit$$00000003)
    __rt_exit_prels_1                        0x08000257   Thumb Code     0  rtexit2.o(.ARM.Collect$$rtexit$$00000002)
    __rt_exit_exit                           0x0800025b   Thumb Code     0  rtexit2.o(.ARM.Collect$$rtexit$$00000004)
    __aeabi_memcpy4                          0x08000261   Thumb Code    56  rt_memcpy.o(.emb_text)
    __aeabi_memcpy8                          0x08000261   Thumb Code     0  rt_memcpy.o(.emb_text)
    Reset_Handler                            0x08000299   Thumb Code     8  startup_stm32g031xx.o(.text)
    ADC1_IRQHandler                          0x080002ab   Thumb Code     0  startup_stm32g031xx.o(.text)
    DMA1_Ch4_5_DMAMUX1_OVR_IRQHandler        0x080002ab   Thumb Code     0  startup_stm32g031xx.o(.text)
    DMA1_Channel1_IRQHandler                 0x080002ab   Thumb Code     0  startup_stm32g031xx.o(.text)
    DMA1_Channel2_3_IRQHandler               0x080002ab   Thumb Code     0  startup_stm32g031xx.o(.text)
    EXTI0_1_IRQHandler                       0x080002ab   Thumb Code     0  startup_stm32g031xx.o(.text)
    EXTI2_3_IRQHandler                       0x080002ab   Thumb Code     0  startup_stm32g031xx.o(.text)
    EXTI4_15_IRQHandler                      0x080002ab   Thumb Code     0  startup_stm32g031xx.o(.text)
    FLASH_IRQHandler                         0x080002ab   Thumb Code     0  startup_stm32g031xx.o(.text)
    I2C1_IRQHandler                          0x080002ab   Thumb Code     0  startup_stm32g031xx.o(.text)
    I2C2_IRQHandler                          0x080002ab   Thumb Code     0  startup_stm32g031xx.o(.text)
    LPTIM1_IRQHandler                        0x080002ab   Thumb Code     0  startup_stm32g031xx.o(.text)
    LPTIM2_IRQHandler                        0x080002ab   Thumb Code     0  startup_stm32g031xx.o(.text)
    LPUART1_IRQHandler                       0x080002ab   Thumb Code     0  startup_stm32g031xx.o(.text)
    PVD_IRQHandler                           0x080002ab   Thumb Code     0  startup_stm32g031xx.o(.text)
    RCC_IRQHandler                           0x080002ab   Thumb Code     0  startup_stm32g031xx.o(.text)
    RTC_TAMP_IRQHandler                      0x080002ab   Thumb Code     0  startup_stm32g031xx.o(.text)
    SPI2_IRQHandler                          0x080002ab   Thumb Code     0  startup_stm32g031xx.o(.text)
    TIM14_IRQHandler                         0x080002ab   Thumb Code     0  startup_stm32g031xx.o(.text)
    TIM16_IRQHandler                         0x080002ab   Thumb Code     0  startup_stm32g031xx.o(.text)
    TIM17_IRQHandler                         0x080002ab   Thumb Code     0  startup_stm32g031xx.o(.text)
    TIM1_BRK_UP_TRG_COM_IRQHandler           0x080002ab   Thumb Code     0  startup_stm32g031xx.o(.text)
    TIM1_CC_IRQHandler                       0x080002ab   Thumb Code     0  startup_stm32g031xx.o(.text)
    TIM2_IRQHandler                          0x080002ab   Thumb Code     0  startup_stm32g031xx.o(.text)
    TIM3_IRQHandler                          0x080002ab   Thumb Code     0  startup_stm32g031xx.o(.text)
    WWDG_IRQHandler                          0x080002ab   Thumb Code     0  startup_stm32g031xx.o(.text)
    __user_initial_stackheap                 0x080002ad   Thumb Code     0  startup_stm32g031xx.o(.text)
    __aeabi_uldivmod                         0x080002d1   Thumb Code   258  lludiv.o(.text)
    _ll_udiv                                 0x080002d1   Thumb Code     0  lludiv.o(.text)
    vsnprintf                                0x080003d5   Thumb Code    50  vsnprintf.o(.text)
    __0sscanf                                0x0800040d   Thumb Code    54  __0sscanf.o(.text)
    _scanf_int                               0x0800044d   Thumb Code   330  _scanf_int.o(.text)
    strstr                                   0x08000597   Thumb Code    40  strstr.o(.text)
    strlen                                   0x080005c1   Thumb Code    62  strlen.o(.text)
    strncmp                                  0x08000605   Thumb Code   154  strncmp.o(.text)
    __aeabi_memcpy                           0x080006a5   Thumb Code   130  rt_memcpy.o(.text)
    __rt_memcpy                              0x080006a5   Thumb Code     0  rt_memcpy.o(.text)
    __aeabi_memmove4                         0x08000727   Thumb Code    70  rt_memmove.o(.text)
    __aeabi_memmove8                         0x08000727   Thumb Code     0  rt_memmove.o(.text)
    __aeabi_memmove                          0x0800076d   Thumb Code    80  rt_memmove.o(.text)
    __rt_memmove                             0x0800076d   Thumb Code     0  rt_memmove.o(.text)
    _memset_w                                0x080007bd   Thumb Code    26  rt_memclr.o(.text)
    _memset                                  0x080007d7   Thumb Code    30  rt_memclr.o(.text)
    __aeabi_memclr                           0x080007f5   Thumb Code     4  rt_memclr.o(.text)
    __rt_memclr                              0x080007f5   Thumb Code     0  rt_memclr.o(.text)
    __aeabi_memclr4                          0x080007f9   Thumb Code     0  rt_memclr.o(.text)
    __aeabi_memclr8                          0x080007f9   Thumb Code     0  rt_memclr.o(.text)
    __rt_memclr_w                            0x080007f9   Thumb Code     4  rt_memclr.o(.text)
    __aeabi_uidiv                            0x080007fd   Thumb Code     0  aeabi_sdiv.o(.text)
    __aeabi_uidivmod                         0x080007fd   Thumb Code    20  aeabi_sdiv.o(.text)
    __aeabi_idiv                             0x08000811   Thumb Code     0  aeabi_sdiv.o(.text)
    __aeabi_idivmod                          0x08000811   Thumb Code   326  aeabi_sdiv.o(.text)
    __use_two_region_memory                  0x08000957   Thumb Code     2  heapauxi.o(.text)
    __rt_heap_escrow$2region                 0x08000959   Thumb Code     2  heapauxi.o(.text)
    __rt_heap_expand$2region                 0x0800095b   Thumb Code     2  heapauxi.o(.text)
    _printf_pre_padding                      0x0800095d   Thumb Code    44  _printf_pad.o(.text)
    _printf_post_padding                     0x08000989   Thumb Code    34  _printf_pad.o(.text)
    _printf_truncate_signed                  0x080009ab   Thumb Code    18  _printf_truncate.o(.text)
    _printf_truncate_unsigned                0x080009bd   Thumb Code    18  _printf_truncate.o(.text)
    _printf_str                              0x080009cf   Thumb Code    82  _printf_str.o(.text)
    _printf_int_dec                          0x08000a21   Thumb Code    90  _printf_dec.o(.text)
    _printf_charcount                        0x08000a8d   Thumb Code    38  _printf_charcount.o(.text)
    _printf_char_common                      0x08000abf   Thumb Code    32  _printf_char_common.o(.text)
    _sputc                                   0x08000ae5   Thumb Code    10  _sputc.o(.text)
    _snputc                                  0x08000aef   Thumb Code    16  _snputc.o(.text)
    _printf_wctomb                           0x08000b01   Thumb Code   182  _printf_wctomb.o(.text)
    _printf_longlong_dec                     0x08000bbd   Thumb Code    94  _printf_longlong_dec.o(.text)
    _printf_longlong_oct                     0x08000c2d   Thumb Code    68  _printf_oct_int_ll.o(.text)
    _printf_int_oct                          0x08000c71   Thumb Code    24  _printf_oct_int_ll.o(.text)
    _printf_ll_oct                           0x08000c89   Thumb Code    10  _printf_oct_int_ll.o(.text)
    _printf_longlong_hex                     0x08000c9d   Thumb Code    88  _printf_hex_int_ll_ptr.o(.text)
    _printf_int_hex                          0x08000cf5   Thumb Code    28  _printf_hex_int_ll_ptr.o(.text)
    _printf_ll_hex                           0x08000d11   Thumb Code    10  _printf_hex_int_ll_ptr.o(.text)
    _printf_hex_ptr                          0x08000d1b   Thumb Code    22  _printf_hex_int_ll_ptr.o(.text)
    __printf                                 0x08000d35   Thumb Code   386  __printf_flags_ss_wp.o(.text)
    _chval                                   0x08000ebd   Thumb Code    30  _chval.o(.text)
    __vfscanf_char                           0x08000ee9   Thumb Code    28  scanf_char.o(.text)
    _sgetc                                   0x08000f0d   Thumb Code    32  _sgetc.o(.text)
    _sbackspace                              0x08000f2d   Thumb Code    36  _sgetc.o(.text)
    _ll_udiv10                               0x08000f51   Thumb Code   122  lludiv10.o(.text)
    isspace                                  0x08000fcb   Thumb Code    18  isspace.o(.text)
    _printf_int_common                       0x08000fdd   Thumb Code   176  _printf_intcommon.o(.text)
    __lib_sel_fp_printf                      0x0800108d   Thumb Code     2  _printf_fp_dec.o(.text)
    _printf_fp_dec_real                      0x08001227   Thumb Code   620  _printf_fp_dec.o(.text)
    _printf_fp_hex_real                      0x080014a1   Thumb Code   714  _printf_fp_hex.o(.text)
    _printf_cs_common                        0x08001775   Thumb Code    22  _printf_char.o(.text)
    _printf_char                             0x0800178b   Thumb Code    16  _printf_char.o(.text)
    _printf_string                           0x0800179b   Thumb Code     8  _printf_char.o(.text)
    _printf_lcs_common                       0x080017a3   Thumb Code    22  _printf_wchar.o(.text)
    _printf_wchar                            0x080017b9   Thumb Code    16  _printf_wchar.o(.text)
    _printf_wstring                          0x080017c9   Thumb Code     8  _printf_wchar.o(.text)
    __vfscanf                                0x080017d1   Thumb Code   880  _scanf.o(.text)
    _wcrtomb                                 0x08001b51   Thumb Code    64  _wcrtomb.o(.text)
    __rt_udiv10                              0x08001b91   Thumb Code    40  rtudiv10.o(.text)
    __user_setup_stackheap                   0x08001bb9   Thumb Code    62  sys_stackheap_outer.o(.text)
    __rt_ctype_table                         0x08001bf9   Thumb Code    16  rt_ctype_table.o(.text)
    __rt_locale                              0x08001c09   Thumb Code     8  rt_locale_intlibspace.o(.text)
    _printf_fp_infnan                        0x08001c11   Thumb Code   120  _printf_fp_infnan.o(.text)
    _btod_etento                             0x08001c99   Thumb Code   196  bigflt0.o(.text)
    _btod_d2e                                0x08001d61   Thumb Code    64  btod.o(.text)
    _btod_emul                               0x08002157   Thumb Code    24  btod.o(.text)
    _btod_emuld                              0x0800216f   Thumb Code    60  btod.o(.text)
    _btod_ediv                               0x080021ab   Thumb Code    22  btod.o(.text)
    _btod_edivd                              0x080021c1   Thumb Code    60  btod.o(.text)
    exit                                     0x08002209   Thumb Code    12  exit.o(.text)
    __user_libspace                          0x08002215   Thumb Code     8  libspace.o(.text)
    __user_perproc_libspace                  0x08002215   Thumb Code     0  libspace.o(.text)
    __user_perthread_libspace                0x08002215   Thumb Code     0  libspace.o(.text)
    strcmp                                   0x0800221d   Thumb Code   132  strcmp.o(.text)
    _sys_exit                                0x080022a5   Thumb Code     8  sys_exit.o(.text)
    __I$use$semihosting                      0x080022b1   Thumb Code     0  use_no_semi.o(.text)
    __use_no_semihosting_swi                 0x080022b1   Thumb Code     2  use_no_semi.o(.text)
    AT24CXX_Setup                            0x080022b3   Thumb Code    34  at24cxx.o(i.AT24CXX_Setup)
    __semihosting_library_function           0x080022b3   Thumb Code     0  indicate_semi.o(.text)
    AT24CXX_Setup1                           0x080022d5   Thumb Code    32  at24cxx.o(i.AT24CXX_Setup1)
    CRC16                                    0x080022fd   Thumb Code    48  crc16.o(i.CRC16)
    Error_Handler                            0x08002331   Thumb Code     4  main.o(i.Error_Handler)
    HAL_DMA_Abort                            0x08002335   Thumb Code   112  stm32g0xx_hal_dma.o(i.HAL_DMA_Abort)
    HAL_DMA_Abort_IT                         0x080023a9   Thumb Code   118  stm32g0xx_hal_dma.o(i.HAL_DMA_Abort_IT)
    HAL_Delay                                0x08002425   Thumb Code    32  stm32g0xx_hal.o(i.HAL_Delay)
    HAL_GPIO_Init                            0x08002449   Thumb Code   330  stm32g0xx_hal_gpio.o(i.HAL_GPIO_Init)
    HAL_GPIO_ReadPin                         0x080025a5   Thumb Code    10  stm32g0xx_hal_gpio.o(i.HAL_GPIO_ReadPin)
    HAL_GPIO_TogglePin                       0x080025af   Thumb Code    16  stm32g0xx_hal_gpio.o(i.HAL_GPIO_TogglePin)
    HAL_GPIO_WritePin                        0x080025bf   Thumb Code    12  stm32g0xx_hal_gpio.o(i.HAL_GPIO_WritePin)
    HAL_GetTick                              0x080025cd   Thumb Code     6  stm32g0xx_hal.o(i.HAL_GetTick)
    HAL_IncTick                              0x080025d9   Thumb Code    12  stm32g0xx_hal.o(i.HAL_IncTick)
    HAL_Init                                 0x080025e9   Thumb Code    36  stm32g0xx_hal.o(i.HAL_Init)
    HAL_InitTick                             0x08002611   Thumb Code    64  stm32g0xx_hal.o(i.HAL_InitTick)
    HAL_MspInit                              0x08002659   Thumb Code    38  stm32g0xx_hal_msp.o(i.HAL_MspInit)
    HAL_NVIC_EnableIRQ                       0x08002685   Thumb Code    18  stm32g0xx_hal_cortex.o(i.HAL_NVIC_EnableIRQ)
    HAL_NVIC_SetPriority                     0x0800269d   Thumb Code     8  stm32g0xx_hal_cortex.o(i.HAL_NVIC_SetPriority)
    HAL_NVIC_SystemReset                     0x080026a5   Thumb Code    18  stm32g0xx_hal_cortex.o(i.HAL_NVIC_SystemReset)
    HAL_PWREx_ControlVoltageScaling          0x080026c1   Thumb Code    62  stm32g0xx_hal_pwr_ex.o(i.HAL_PWREx_ControlVoltageScaling)
    HAL_RCCEx_PeriphCLKConfig                0x0800270d   Thumb Code   420  stm32g0xx_hal_rcc_ex.o(i.HAL_RCCEx_PeriphCLKConfig)
    HAL_RCC_ClockConfig                      0x080028bd   Thumb Code   318  stm32g0xx_hal_rcc.o(i.HAL_RCC_ClockConfig)
    HAL_RCC_GetPCLK1Freq                     0x08002a15   Thumb Code    26  stm32g0xx_hal_rcc.o(i.HAL_RCC_GetPCLK1Freq)
    HAL_RCC_GetSysClockFreq                  0x08002a3d   Thumb Code   130  stm32g0xx_hal_rcc.o(i.HAL_RCC_GetSysClockFreq)
    HAL_RCC_OscConfig                        0x08002ac9   Thumb Code   962  stm32g0xx_hal_rcc.o(i.HAL_RCC_OscConfig)
    HAL_SPI_ErrorCallback                    0x08002eb1   Thumb Code     2  board.o(i.HAL_SPI_ErrorCallback)
    HAL_SPI_IRQHandler                       0x08002eb5   Thumb Code   244  stm32g0xx_hal_spi.o(i.HAL_SPI_IRQHandler)
    HAL_SPI_Init                             0x08002fad   Thumb Code   238  stm32g0xx_hal_spi.o(i.HAL_SPI_Init)
    HAL_SPI_MspInit                          0x0800309d   Thumb Code   102  stm32g0xx_hal_msp.o(i.HAL_SPI_MspInit)
    HAL_SYSTICK_Config                       0x0800310d   Thumb Code    38  stm32g0xx_hal_cortex.o(i.HAL_SYSTICK_Config)
    HAL_UARTEx_DisableFifoMode               0x0800313d   Thumb Code    60  stm32g0xx_hal_uart_ex.o(i.HAL_UARTEx_DisableFifoMode)
    HAL_UARTEx_RxEventCallback               0x08003179   Thumb Code     2  stm32g0xx_hal_uart.o(i.HAL_UARTEx_RxEventCallback)
    HAL_UARTEx_RxFifoFullCallback            0x0800317b   Thumb Code     2  stm32g0xx_hal_uart_ex.o(i.HAL_UARTEx_RxFifoFullCallback)
    HAL_UARTEx_SetRxFifoThreshold            0x0800317d   Thumb Code    72  stm32g0xx_hal_uart_ex.o(i.HAL_UARTEx_SetRxFifoThreshold)
    HAL_UARTEx_SetTxFifoThreshold            0x080031c5   Thumb Code    70  stm32g0xx_hal_uart_ex.o(i.HAL_UARTEx_SetTxFifoThreshold)
    HAL_UARTEx_TxFifoEmptyCallback           0x0800320b   Thumb Code     2  stm32g0xx_hal_uart_ex.o(i.HAL_UARTEx_TxFifoEmptyCallback)
    HAL_UARTEx_WakeupCallback                0x0800320d   Thumb Code     2  stm32g0xx_hal_uart_ex.o(i.HAL_UARTEx_WakeupCallback)
    HAL_UART_AbortReceiveCpltCallback        0x0800320f   Thumb Code     2  stm32g0xx_hal_uart.o(i.HAL_UART_AbortReceiveCpltCallback)
    HAL_UART_AbortReceive_IT                 0x08003211   Thumb Code   196  stm32g0xx_hal_uart.o(i.HAL_UART_AbortReceive_IT)
    HAL_UART_ErrorCallback                   0x080032dd   Thumb Code     2  stm32g0xx_hal_uart.o(i.HAL_UART_ErrorCallback)
    HAL_UART_IRQHandler                      0x080032e1   Thumb Code   734  stm32g0xx_hal_uart.o(i.HAL_UART_IRQHandler)
    HAL_UART_Init                            0x080035d1   Thumb Code   108  stm32g0xx_hal_uart.o(i.HAL_UART_Init)
    HAL_UART_MspInit                         0x0800363d   Thumb Code   200  stm32g0xx_hal_msp.o(i.HAL_UART_MspInit)
    HAL_UART_Receive_IT                      0x08003715   Thumb Code    94  stm32g0xx_hal_uart.o(i.HAL_UART_Receive_IT)
    HAL_UART_RxCpltCallback                  0x08003779   Thumb Code     2  board.o(i.HAL_UART_RxCpltCallback)
    HAL_UART_Transmit_IT                     0x0800377d   Thumb Code   166  stm32g0xx_hal_uart.o(i.HAL_UART_Transmit_IT)
    HAL_UART_TxCpltCallback                  0x08003835   Thumb Code    46  board.o(i.HAL_UART_TxCpltCallback)
    HardFault_Handler                        0x08003871   Thumb Code     2  stm32g0xx_it.o(i.HardFault_Handler)
    IIC_IO_Setup                             0x08003875   Thumb Code    50  iic_io.o(i.IIC_IO_Setup)
    NMI_Handler                              0x08003bf5   Thumb Code     2  stm32g0xx_it.o(i.NMI_Handler)
    PendSV_Handler                           0x08003bf7   Thumb Code     2  stm32g0xx_it.o(i.PendSV_Handler)
    RingBuffer_Init                          0x08003bf9   Thumb Code    14  ring_buffer.o(i.RingBuffer_Init)
    RingBuffer_Insert                        0x08003c07   Thumb Code    50  ring_buffer.o(i.RingBuffer_Insert)
    RingBuffer_InsertMult                    0x08003c39   Thumb Code   130  ring_buffer.o(i.RingBuffer_InsertMult)
    RingBuffer_Pop                           0x08003cdf   Thumb Code    50  ring_buffer.o(i.RingBuffer_Pop)
    RingBuffer_PopMult                       0x08003d11   Thumb Code   128  ring_buffer.o(i.RingBuffer_PopMult)
    SPI1_IRQHandler                          0x08003d91   Thumb Code    10  stm32g0xx_it.o(i.SPI1_IRQHandler)
    SVC_Handler                              0x08003db3   Thumb Code     2  stm32g0xx_it.o(i.SVC_Handler)
    SysTick_Handler                          0x08003db5   Thumb Code    12  stm32g0xx_it.o(i.SysTick_Handler)
    SystemClock_Config                       0x08003dc1   Thumb Code   108  main.o(i.SystemClock_Config)
    SystemInit                               0x08003e2d   Thumb Code     2  system_stm32g0xx.o(i.SystemInit)
    UART_AdvFeatureConfig                    0x08003edd   Thumb Code   202  stm32g0xx_hal_uart.o(i.UART_AdvFeatureConfig)
    UART_CheckIdleState                      0x08003fa9   Thumb Code    96  stm32g0xx_hal_uart.o(i.UART_CheckIdleState)
    UART_SetConfig                           0x0800452d   Thumb Code   482  stm32g0xx_hal_uart.o(i.UART_SetConfig)
    UART_Start_Receive_IT                    0x08004739   Thumb Code   280  stm32g0xx_hal_uart.o(i.UART_Start_Receive_IT)
    UART_WaitOnFlagUntilTimeout              0x08004a05   Thumb Code   210  stm32g0xx_hal_uart.o(i.UART_WaitOnFlagUntilTimeout)
    USART1_IRQHandler                        0x08004ad9   Thumb Code    10  stm32g0xx_it.o(i.USART1_IRQHandler)
    USART2_IRQHandler                        0x08004ae9   Thumb Code    10  stm32g0xx_it.o(i.USART2_IRQHandler)
    __ARM_common_ll_muluu                    0x08004af9   Thumb Code    48  btod.o(i.__ARM_common_ll_muluu)
    __ARM_fpclassify                         0x08004b29   Thumb Code    40  fpclassify.o(i.__ARM_fpclassify)
    _is_digit                                0x08004b99   Thumb Code    14  __printf_wp.o(i._is_digit)
    as_OUTPUT_OD_NOPULL_HIGH                 0x08004c35   Thumb Code    44  gpiodecal.o(i.as_OUTPUT_OD_NOPULL_HIGH)
    boardInit                                0x08004c61   Thumb Code   238  board.o(i.boardInit)
    boardPreInit                             0x08004dcd   Thumb Code    38  board.o(i.boardPreInit)
    brdCmd                                   0x08004e01   Thumb Code   394  board.o(i.brdCmd)
    fetchLineFromRingBuffer                  0x08005219   Thumb Code   210  uartdev.o(i.fetchLineFromRingBuffer)
    fetchLineFromRingBufferU8                0x080052f1   Thumb Code     8  uartdev.o(i.fetchLineFromRingBufferU8)
    fetchLineFromRingBufferX                 0x080052f9   Thumb Code   158  uartdev.o(i.fetchLineFromRingBufferX)
    ioReadReg                                0x08005555   Thumb Code    26  board.o(i.ioReadReg)
    ioWriteReg                               0x08005575   Thumb Code    24  board.o(i.ioWriteReg)
    led_flash_answer                         0x08005591   Thumb Code    14  led_flash.o(i.led_flash_answer)
    led_flash_init                           0x080055d5   Thumb Code    18  led_flash.o(i.led_flash_init)
    main                                     0x08005619   Thumb Code    38  main.o(i.main)
    print                                    0x08005641   Thumb Code    58  board.o(i.print)
    printS                                   0x08005681   Thumb Code    22  board.o(i.printS)
    setupRs485Dev                            0x080057d1   Thumb Code    94  rs485dev.o(i.setupRs485Dev)
    setupUartDev                             0x08005845   Thumb Code   104  uartdev.o(i.setupUartDev)
    setup_appTmr                             0x080058d5   Thumb Code    32  app_timer.o(i.setup_appTmr)
    setup_cmdConsumer                        0x08005909   Thumb Code    64  cmd_consumer.o(i.setup_cmdConsumer)
    strFormat                                0x08005959   Thumb Code    32  misc.o(i.strFormat)
    taskIrq                                  0x08005979   Thumb Code    36  task.o(i.taskIrq)
    taskPolling                              0x080059a5   Thumb Code    82  task.o(i.taskPolling)
    _get_lc_numeric                          0x08005d85   Thumb Code    44  lc_numeric_c.o(locale$$code)
    _get_lc_ctype                            0x08005db1   Thumb Code    44  lc_ctype_c.o(locale$$code)
    _printf_fp_dec                           0x08005ddd   Thumb Code    16  printf1.o(x$fpl$printf1)
    _printf_fp_hex                           0x08005ded   Thumb Code    16  printf2.o(x$fpl$printf2)
    UARTPrescTable                           0x08005dfc   Data          24  stm32g0xx_hal_uart.o(.constdata)
    __I$use$fp                               0x08005dfc   Number         0  usenofp.o(x$fpl$usenofp)
    AHBPrescTable                            0x08005e24   Data          64  system_stm32g0xx.o(.constdata)
    APBPrescTable                            0x08005e64   Data          32  system_stm32g0xx.o(.constdata)
    BAUD                                     0x08005e84   Data          32  misc.o(.constdata)
    RUNNING                                  0x08005ea4   Data           8  board.o(.constdata)
    DE                                       0x08005eac   Data           8  board.o(.constdata)
    DET                                      0x08005eb4   Data           8  board.o(.constdata)
    SCL                                      0x08005ebc   Data           8  board.o(.constdata)
    SDA                                      0x08005ec4   Data           8  board.o(.constdata)
    ABOUT                                    0x08005ecc   Data          19  board.o(.constdata)
    COMMON_HELP                              0x08005edf   Data         243  board.o(.constdata)
    AT24C64                                  0x08005fe0   Data           8  at24cxx.o(.constdata)
    Region$$Table$$Base                      0x080060e4   Number         0  anon$$obj.o(Region$$Table)
    Region$$Table$$Limit                     0x08006104   Number         0  anon$$obj.o(Region$$Table)
    __ctype                                  0x0800612d   Data           0  lc_ctype_c.o(locale$$data)
    uwTickFreq                               0x20000000   Data           1  stm32g0xx_hal.o(.data)
    uwTickPrio                               0x20000004   Data           4  stm32g0xx_hal.o(.data)
    uwTick                                   0x20000008   Data           4  stm32g0xx_hal.o(.data)
    SystemCoreClock                          0x2000000c   Data           4  system_stm32g0xx.o(.data)
    CMD_END                                  0x20000010   Data           4  misc.o(.data)
    g_boardAddr                              0x20000014   Data           1  board.o(.data)
    g_initalDone                             0x20000015   Data           1  board.o(.data)
    g_baudHost                               0x20000016   Data           1  board.o(.data)
    g_baud485                                0x20000017   Data           1  board.o(.data)
    g_addrPre                                0x20000018   Data           4  board.o(.data)
    hspi1                                    0x20000030   Data         100  main.o(.bss)
    huart1                                   0x20000094   Data         148  main.o(.bss)
    huart2                                   0x20000128   Data         148  main.o(.bss)
    tmr                                      0x200007bc   Data         320  board.o(.bss)
    console                                  0x200008fc   Data         192  board.o(.bss)
    rs485                                    0x200009bc   Data         232  board.o(.bss)
    cmdConsumer                              0x20000aa4   Data         300  board.o(.bss)
    erom                                     0x20000bd0   Data          56  board.o(.bss)
    __libspace_start                         0x20000c08   Data          96  libspace.o(.bss)
    __temporary_stack_top$libspace           0x20000c68   Data           0  libspace.o(.bss)



==============================================================================

Memory Map of the image

  Image Entry point : 0x080000c1

  Load Region LR_IROM1 (Base: 0x08000000, Size: 0x00006260, Max: 0x00010000, ABSOLUTE)

    Execution Region ER_IROM1 (Base: 0x08000000, Size: 0x00006230, Max: 0x00010000, ABSOLUTE)

    Base Addr    Size         Type   Attr      Idx    E Section Name        Object

    0x08000000   0x000000c0   Data   RO            3    RESET               startup_stm32g031xx.o
    0x080000c0   0x00000008   Code   RO         3605  * !!!main             c_p.l(__main.o)
    0x080000c8   0x0000003c   Code   RO         3937    !!!scatter          c_p.l(__scatter.o)
    0x08000104   0x0000001a   Code   RO         3939    !!handler_copy      c_p.l(__scatter_copy.o)
    0x0800011e   0x00000002   PAD
    0x08000120   0x0000001c   Code   RO         3941    !!handler_zi        c_p.l(__scatter_zi.o)
    0x0800013c   0x00000002   Code   RO         3699    .ARM.Collect$$_printf_percent$$00000000  c_p.l(_printf_percent.o)
    0x0800013e   0x0000000a   Code   RO         3688    .ARM.Collect$$_printf_percent$$00000001  c_p.l(_printf_n.o)
    0x08000148   0x0000000a   Code   RO         3690    .ARM.Collect$$_printf_percent$$00000002  c_p.l(_printf_p.o)
    0x08000152   0x0000000a   Code   RO         3695    .ARM.Collect$$_printf_percent$$00000003  c_p.l(_printf_f.o)
    0x0800015c   0x0000000a   Code   RO         3696    .ARM.Collect$$_printf_percent$$00000004  c_p.l(_printf_e.o)
    0x08000166   0x0000000a   Code   RO         3697    .ARM.Collect$$_printf_percent$$00000005  c_p.l(_printf_g.o)
    0x08000170   0x0000000a   Code   RO         3698    .ARM.Collect$$_printf_percent$$00000006  c_p.l(_printf_a.o)
    0x0800017a   0x0000000a   Code   RO         3703    .ARM.Collect$$_printf_percent$$00000007  c_p.l(_printf_ll.o)
    0x08000184   0x0000000a   Code   RO         3692    .ARM.Collect$$_printf_percent$$00000008  c_p.l(_printf_i.o)
    0x0800018e   0x0000000a   Code   RO         3693    .ARM.Collect$$_printf_percent$$00000009  c_p.l(_printf_d.o)
    0x08000198   0x0000000a   Code   RO         3694    .ARM.Collect$$_printf_percent$$0000000A  c_p.l(_printf_u.o)
    0x080001a2   0x0000000a   Code   RO         3691    .ARM.Collect$$_printf_percent$$0000000B  c_p.l(_printf_o.o)
    0x080001ac   0x0000000a   Code   RO         3689    .ARM.Collect$$_printf_percent$$0000000C  c_p.l(_printf_x.o)
    0x080001b6   0x0000000a   Code   RO         3700    .ARM.Collect$$_printf_percent$$0000000D  c_p.l(_printf_lli.o)
    0x080001c0   0x0000000a   Code   RO         3701    .ARM.Collect$$_printf_percent$$0000000E  c_p.l(_printf_lld.o)
    0x080001ca   0x0000000a   Code   RO         3702    .ARM.Collect$$_printf_percent$$0000000F  c_p.l(_printf_llu.o)
    0x080001d4   0x0000000a   Code   RO         3707    .ARM.Collect$$_printf_percent$$00000010  c_p.l(_printf_llo.o)
    0x080001de   0x0000000a   Code   RO         3708    .ARM.Collect$$_printf_percent$$00000011  c_p.l(_printf_llx.o)
    0x080001e8   0x0000000a   Code   RO         3704    .ARM.Collect$$_printf_percent$$00000012  c_p.l(_printf_l.o)
    0x080001f2   0x0000000a   Code   RO         3686    .ARM.Collect$$_printf_percent$$00000013  c_p.l(_printf_c.o)
    0x080001fc   0x0000000a   Code   RO         3687    .ARM.Collect$$_printf_percent$$00000014  c_p.l(_printf_s.o)
    0x08000206   0x0000000a   Code   RO         3705    .ARM.Collect$$_printf_percent$$00000015  c_p.l(_printf_lc.o)
    0x08000210   0x0000000a   Code   RO         3706    .ARM.Collect$$_printf_percent$$00000016  c_p.l(_printf_ls.o)
    0x0800021a   0x00000004   Code   RO         3757    .ARM.Collect$$_printf_percent$$00000017  c_p.l(_printf_percent_end.o)
    0x0800021e   0x00000002   Code   RO         3797    .ARM.Collect$$libinit$$00000000  c_p.l(libinit.o)
    0x08000220   0x00000000   Code   RO         3821    .ARM.Collect$$libinit$$00000002  c_p.l(libinit2.o)
    0x08000220   0x00000000   Code   RO         3823    .ARM.Collect$$libinit$$00000004  c_p.l(libinit2.o)
    0x08000220   0x00000000   Code   RO         3826    .ARM.Collect$$libinit$$0000000A  c_p.l(libinit2.o)
    0x08000220   0x00000000   Code   RO         3828    .ARM.Collect$$libinit$$0000000C  c_p.l(libinit2.o)
    0x08000220   0x00000000   Code   RO         3830    .ARM.Collect$$libinit$$0000000E  c_p.l(libinit2.o)
    0x08000220   0x00000006   Code   RO         3831    .ARM.Collect$$libinit$$0000000F  c_p.l(libinit2.o)
    0x08000226   0x00000000   Code   RO         3833    .ARM.Collect$$libinit$$00000011  c_p.l(libinit2.o)
    0x08000226   0x0000000c   Code   RO         3834    .ARM.Collect$$libinit$$00000012  c_p.l(libinit2.o)
    0x08000232   0x00000000   Code   RO         3835    .ARM.Collect$$libinit$$00000013  c_p.l(libinit2.o)
    0x08000232   0x00000000   Code   RO         3837    .ARM.Collect$$libinit$$00000015  c_p.l(libinit2.o)
    0x08000232   0x0000000a   Code   RO         3838    .ARM.Collect$$libinit$$00000016  c_p.l(libinit2.o)
    0x0800023c   0x00000000   Code   RO         3839    .ARM.Collect$$libinit$$00000017  c_p.l(libinit2.o)
    0x0800023c   0x00000000   Code   RO         3841    .ARM.Collect$$libinit$$00000019  c_p.l(libinit2.o)
    0x0800023c   0x00000000   Code   RO         3843    .ARM.Collect$$libinit$$0000001B  c_p.l(libinit2.o)
    0x0800023c   0x00000000   Code   RO         3845    .ARM.Collect$$libinit$$0000001D  c_p.l(libinit2.o)
    0x0800023c   0x00000000   Code   RO         3847    .ARM.Collect$$libinit$$0000001F  c_p.l(libinit2.o)
    0x0800023c   0x00000000   Code   RO         3849    .ARM.Collect$$libinit$$00000021  c_p.l(libinit2.o)
    0x0800023c   0x00000000   Code   RO         3851    .ARM.Collect$$libinit$$00000023  c_p.l(libinit2.o)
    0x0800023c   0x00000000   Code   RO         3853    .ARM.Collect$$libinit$$00000025  c_p.l(libinit2.o)
    0x0800023c   0x00000000   Code   RO         3857    .ARM.Collect$$libinit$$0000002C  c_p.l(libinit2.o)
    0x0800023c   0x00000000   Code   RO         3859    .ARM.Collect$$libinit$$0000002E  c_p.l(libinit2.o)
    0x0800023c   0x00000000   Code   RO         3861    .ARM.Collect$$libinit$$00000030  c_p.l(libinit2.o)
    0x0800023c   0x00000000   Code   RO         3863    .ARM.Collect$$libinit$$00000032  c_p.l(libinit2.o)
    0x0800023c   0x00000002   Code   RO         3864    .ARM.Collect$$libinit$$00000033  c_p.l(libinit2.o)
    0x0800023e   0x00000002   Code   RO         3895    .ARM.Collect$$libshutdown$$00000000  c_p.l(libshutdown.o)
    0x08000240   0x00000000   Code   RO         3922    .ARM.Collect$$libshutdown$$00000003  c_p.l(libshutdown2.o)
    0x08000240   0x00000000   Code   RO         3925    .ARM.Collect$$libshutdown$$00000006  c_p.l(libshutdown2.o)
    0x08000240   0x00000000   Code   RO         3928    .ARM.Collect$$libshutdown$$00000009  c_p.l(libshutdown2.o)
    0x08000240   0x00000000   Code   RO         3930    .ARM.Collect$$libshutdown$$0000000B  c_p.l(libshutdown2.o)
    0x08000240   0x00000000   Code   RO         3933    .ARM.Collect$$libshutdown$$0000000E  c_p.l(libshutdown2.o)
    0x08000240   0x00000002   Code   RO         3934    .ARM.Collect$$libshutdown$$0000000F  c_p.l(libshutdown2.o)
    0x08000242   0x00000000   Code   RO         3607    .ARM.Collect$$rtentry$$00000000  c_p.l(__rtentry.o)
    0x08000242   0x00000000   Code   RO         3724    .ARM.Collect$$rtentry$$00000002  c_p.l(__rtentry2.o)
    0x08000242   0x00000006   Code   RO         3736    .ARM.Collect$$rtentry$$00000004  c_p.l(__rtentry4.o)
    0x08000248   0x00000000   Code   RO         3726    .ARM.Collect$$rtentry$$00000009  c_p.l(__rtentry2.o)
    0x08000248   0x00000004   Code   RO         3727    .ARM.Collect$$rtentry$$0000000A  c_p.l(__rtentry2.o)
    0x0800024c   0x00000000   Code   RO         3729    .ARM.Collect$$rtentry$$0000000C  c_p.l(__rtentry2.o)
    0x0800024c   0x00000008   Code   RO         3730    .ARM.Collect$$rtentry$$0000000D  c_p.l(__rtentry2.o)
    0x08000254   0x00000002   Code   RO         3807    .ARM.Collect$$rtexit$$00000000  c_p.l(rtexit.o)
    0x08000256   0x00000000   Code   RO         3868    .ARM.Collect$$rtexit$$00000002  c_p.l(rtexit2.o)
    0x08000256   0x00000004   Code   RO         3869    .ARM.Collect$$rtexit$$00000003  c_p.l(rtexit2.o)
    0x0800025a   0x00000006   Code   RO         3870    .ARM.Collect$$rtexit$$00000004  c_p.l(rtexit2.o)
    0x08000260   0x00000038   Code   RO         3591    .emb_text           c_p.l(rt_memcpy.o)
    0x08000298   0x00000038   Code   RO            4    .text               startup_stm32g031xx.o
    0x080002d0   0x00000102   Code   RO         3575    .text               c_p.l(lludiv.o)
    0x080003d2   0x00000002   PAD
    0x080003d4   0x00000038   Code   RO         3577    .text               c_p.l(vsnprintf.o)
    0x0800040c   0x00000040   Code   RO         3579    .text               c_p.l(__0sscanf.o)
    0x0800044c   0x0000014a   Code   RO         3581    .text               c_p.l(_scanf_int.o)
    0x08000596   0x00000028   Code   RO         3583    .text               c_p.l(strstr.o)
    0x080005be   0x00000002   PAD
    0x080005c0   0x00000044   Code   RO         3587    .text               c_p.l(strlen.o)
    0x08000604   0x000000a0   Code   RO         3589    .text               c_p.l(strncmp.o)
    0x080006a4   0x00000082   Code   RO         3592    .text               c_p.l(rt_memcpy.o)
    0x08000726   0x00000096   Code   RO         3595    .text               c_p.l(rt_memmove.o)
    0x080007bc   0x00000040   Code   RO         3597    .text               c_p.l(rt_memclr.o)
    0x080007fc   0x0000015a   Code   RO         3599    .text               c_p.l(aeabi_sdiv.o)
    0x08000956   0x00000006   Code   RO         3603    .text               c_p.l(heapauxi.o)
    0x0800095c   0x0000004e   Code   RO         3618    .text               c_p.l(_printf_pad.o)
    0x080009aa   0x00000024   Code   RO         3620    .text               c_p.l(_printf_truncate.o)
    0x080009ce   0x00000052   Code   RO         3622    .text               c_p.l(_printf_str.o)
    0x08000a20   0x0000006c   Code   RO         3624    .text               c_p.l(_printf_dec.o)
    0x08000a8c   0x00000026   Code   RO         3626    .text               c_p.l(_printf_charcount.o)
    0x08000ab2   0x00000002   PAD
    0x08000ab4   0x00000030   Code   RO         3628    .text               c_p.l(_printf_char_common.o)
    0x08000ae4   0x0000000a   Code   RO         3630    .text               c_p.l(_sputc.o)
    0x08000aee   0x00000010   Code   RO         3632    .text               c_p.l(_snputc.o)
    0x08000afe   0x00000002   PAD
    0x08000b00   0x000000bc   Code   RO         3634    .text               c_p.l(_printf_wctomb.o)
    0x08000bbc   0x00000070   Code   RO         3637    .text               c_p.l(_printf_longlong_dec.o)
    0x08000c2c   0x00000070   Code   RO         3643    .text               c_p.l(_printf_oct_int_ll.o)
    0x08000c9c   0x00000098   Code   RO         3663    .text               c_p.l(_printf_hex_int_ll_ptr.o)
    0x08000d34   0x00000188   Code   RO         3683    .text               c_p.l(__printf_flags_ss_wp.o)
    0x08000ebc   0x0000001e   Code   RO         3709    .text               c_p.l(_chval.o)
    0x08000eda   0x00000002   PAD
    0x08000edc   0x00000030   Code   RO         3711    .text               c_p.l(scanf_char.o)
    0x08000f0c   0x00000044   Code   RO         3713    .text               c_p.l(_sgetc.o)
    0x08000f50   0x0000007a   Code   RO         3740    .text               c_p.l(lludiv10.o)
    0x08000fca   0x00000012   Code   RO         3742    .text               c_p.l(isspace.o)
    0x08000fdc   0x000000b0   Code   RO         3744    .text               c_p.l(_printf_intcommon.o)
    0x0800108c   0x00000414   Code   RO         3746    .text               c_p.l(_printf_fp_dec.o)
    0x080014a0   0x000002d4   Code   RO         3748    .text               c_p.l(_printf_fp_hex.o)
    0x08001774   0x0000002e   Code   RO         3753    .text               c_p.l(_printf_char.o)
    0x080017a2   0x0000002e   Code   RO         3755    .text               c_p.l(_printf_wchar.o)
    0x080017d0   0x00000380   Code   RO         3758    .text               c_p.l(_scanf.o)
    0x08001b50   0x00000040   Code   RO         3760    .text               c_p.l(_wcrtomb.o)
    0x08001b90   0x00000028   Code   RO         3762    .text               c_p.l(rtudiv10.o)
    0x08001bb8   0x0000003e   Code   RO         3764    .text               c_p.l(sys_stackheap_outer.o)
    0x08001bf6   0x00000002   PAD
    0x08001bf8   0x00000010   Code   RO         3767    .text               c_p.l(rt_ctype_table.o)
    0x08001c08   0x00000008   Code   RO         3772    .text               c_p.l(rt_locale_intlibspace.o)
    0x08001c10   0x00000088   Code   RO         3774    .text               c_p.l(_printf_fp_infnan.o)
    0x08001c98   0x000000c8   Code   RO         3776    .text               c_p.l(bigflt0.o)
    0x08001d60   0x000004a8   Code   RO         3779    .text               c_p.l(btod.o)
    0x08002208   0x0000000c   Code   RO         3786    .text               c_p.l(exit.o)
    0x08002214   0x00000008   Code   RO         3803    .text               c_p.l(libspace.o)
    0x0800221c   0x00000088   Code   RO         3818    .text               c_p.l(strcmp.o)
    0x080022a4   0x0000000c   Code   RO         3865    .text               c_p.l(sys_exit.o)
    0x080022b0   0x00000002   Code   RO         3884    .text               c_p.l(use_no_semi.o)
    0x080022b2   0x00000000   Code   RO         3886    .text               c_p.l(indicate_semi.o)
    0x080022b2   0x00000022   Code   RO         3229    i.AT24CXX_Setup     at24cxx.o
    0x080022d4   0x00000028   Code   RO         3230    i.AT24CXX_Setup1    at24cxx.o
    0x080022fc   0x00000034   Code   RO         3135    i.CRC16             crc16.o
    0x08002330   0x00000004   Code   RO           12    i.Error_Handler     main.o
    0x08002334   0x00000074   Code   RO         1098    i.HAL_DMA_Abort     stm32g0xx_hal_dma.o
    0x080023a8   0x0000007c   Code   RO         1099    i.HAL_DMA_Abort_IT  stm32g0xx_hal_dma.o
    0x08002424   0x00000024   Code   RO         1624    i.HAL_Delay         stm32g0xx_hal.o
    0x08002448   0x0000015c   Code   RO         1031    i.HAL_GPIO_Init     stm32g0xx_hal_gpio.o
    0x080025a4   0x0000000a   Code   RO         1033    i.HAL_GPIO_ReadPin  stm32g0xx_hal_gpio.o
    0x080025ae   0x00000010   Code   RO         1034    i.HAL_GPIO_TogglePin  stm32g0xx_hal_gpio.o
    0x080025be   0x0000000c   Code   RO         1035    i.HAL_GPIO_WritePin  stm32g0xx_hal_gpio.o
    0x080025ca   0x00000002   PAD
    0x080025cc   0x0000000c   Code   RO         1628    i.HAL_GetTick       stm32g0xx_hal.o
    0x080025d8   0x00000010   Code   RO         1634    i.HAL_IncTick       stm32g0xx_hal.o
    0x080025e8   0x00000028   Code   RO         1635    i.HAL_Init          stm32g0xx_hal.o
    0x08002610   0x00000048   Code   RO         1636    i.HAL_InitTick      stm32g0xx_hal.o
    0x08002658   0x0000002c   Code   RO          275    i.HAL_MspInit       stm32g0xx_hal_msp.o
    0x08002684   0x00000018   Code   RO         1512    i.HAL_NVIC_EnableIRQ  stm32g0xx_hal_cortex.o
    0x0800269c   0x00000008   Code   RO         1516    i.HAL_NVIC_SetPriority  stm32g0xx_hal_cortex.o
    0x080026a4   0x0000001c   Code   RO         1517    i.HAL_NVIC_SystemReset  stm32g0xx_hal_cortex.o
    0x080026c0   0x0000004c   Code   RO         1332    i.HAL_PWREx_ControlVoltageScaling  stm32g0xx_hal_pwr_ex.o
    0x0800270c   0x000001b0   Code   RO          779    i.HAL_RCCEx_PeriphCLKConfig  stm32g0xx_hal_rcc_ex.o
    0x080028bc   0x00000158   Code   RO          663    i.HAL_RCC_ClockConfig  stm32g0xx_hal_rcc.o
    0x08002a14   0x00000028   Code   RO          671    i.HAL_RCC_GetPCLK1Freq  stm32g0xx_hal_rcc.o
    0x08002a3c   0x0000008c   Code   RO          673    i.HAL_RCC_GetSysClockFreq  stm32g0xx_hal_rcc.o
    0x08002ac8   0x000003e8   Code   RO          677    i.HAL_RCC_OscConfig  stm32g0xx_hal_rcc.o
    0x08002eb0   0x00000002   Code   RO         2684    i.HAL_SPI_ErrorCallback  board.o
    0x08002eb2   0x00000002   PAD
    0x08002eb4   0x000000f8   Code   RO          329    i.HAL_SPI_IRQHandler  stm32g0xx_hal_spi.o
    0x08002fac   0x000000ee   Code   RO          330    i.HAL_SPI_Init      stm32g0xx_hal_spi.o
    0x0800309a   0x00000002   PAD
    0x0800309c   0x00000070   Code   RO          277    i.HAL_SPI_MspInit   stm32g0xx_hal_msp.o
    0x0800310c   0x00000030   Code   RO         1520    i.HAL_SYSTICK_Config  stm32g0xx_hal_cortex.o
    0x0800313c   0x0000003c   Code   RO         2355    i.HAL_UARTEx_DisableFifoMode  stm32g0xx_hal_uart_ex.o
    0x08003178   0x00000002   Code   RO         1948    i.HAL_UARTEx_RxEventCallback  stm32g0xx_hal_uart.o
    0x0800317a   0x00000002   Code   RO         2363    i.HAL_UARTEx_RxFifoFullCallback  stm32g0xx_hal_uart_ex.o
    0x0800317c   0x00000048   Code   RO         2364    i.HAL_UARTEx_SetRxFifoThreshold  stm32g0xx_hal_uart_ex.o
    0x080031c4   0x00000046   Code   RO         2365    i.HAL_UARTEx_SetTxFifoThreshold  stm32g0xx_hal_uart_ex.o
    0x0800320a   0x00000002   Code   RO         2367    i.HAL_UARTEx_TxFifoEmptyCallback  stm32g0xx_hal_uart_ex.o
    0x0800320c   0x00000002   Code   RO         2368    i.HAL_UARTEx_WakeupCallback  stm32g0xx_hal_uart_ex.o
    0x0800320e   0x00000002   Code   RO         1952    i.HAL_UART_AbortReceiveCpltCallback  stm32g0xx_hal_uart.o
    0x08003210   0x000000cc   Code   RO         1953    i.HAL_UART_AbortReceive_IT  stm32g0xx_hal_uart.o
    0x080032dc   0x00000002   Code   RO         1964    i.HAL_UART_ErrorCallback  stm32g0xx_hal_uart.o
    0x080032de   0x00000002   PAD
    0x080032e0   0x000002f0   Code   RO         1967    i.HAL_UART_IRQHandler  stm32g0xx_hal_uart.o
    0x080035d0   0x0000006c   Code   RO         1968    i.HAL_UART_Init     stm32g0xx_hal_uart.o
    0x0800363c   0x000000d8   Code   RO          279    i.HAL_UART_MspInit  stm32g0xx_hal_msp.o
    0x08003714   0x00000064   Code   RO         1973    i.HAL_UART_Receive_IT  stm32g0xx_hal_uart.o
    0x08003778   0x00000002   Code   RO         2688    i.HAL_UART_RxCpltCallback  board.o
    0x0800377a   0x00000002   PAD
    0x0800377c   0x000000b8   Code   RO         1979    i.HAL_UART_Transmit_IT  stm32g0xx_hal_uart.o
    0x08003834   0x0000003c   Code   RO         2689    i.HAL_UART_TxCpltCallback  board.o
    0x08003870   0x00000002   Code   RO          206    i.HardFault_Handler  stm32g0xx_it.o
    0x08003872   0x00000002   PAD
    0x08003874   0x00000044   Code   RO         3149    i.IIC_IO_Setup      iic_io.o
    0x080038b8   0x0000003e   Code   RO         3150    i.IIC_RESTART       iic_io.o
    0x080038f6   0x00000050   Code   RO         3151    i.IIC_ReadByte      iic_io.o
    0x08003946   0x00000034   Code   RO         3152    i.IIC_STOP          iic_io.o
    0x0800397a   0x0000003e   Code   RO         3153    i.IIC_WaitAck       iic_io.o
    0x080039b8   0x00000052   Code   RO         3154    i.IIC_WriteByte     iic_io.o
    0x08003a0a   0x0000000c   Code   RO         3155    i.IIC_delayUs       iic_io.o
    0x08003a16   0x00000002   PAD
    0x08003a18   0x000000e4   Code   RO           13    i.MX_GPIO_Init      main.o
    0x08003afc   0x0000004c   Code   RO           14    i.MX_SPI1_Init      main.o
    0x08003b48   0x00000070   Code   RO           15    i.MX_USART1_UART_Init  main.o
    0x08003bb8   0x0000003c   Code   RO           16    i.MX_USART2_UART_Init  main.o
    0x08003bf4   0x00000002   Code   RO          207    i.NMI_Handler       stm32g0xx_it.o
    0x08003bf6   0x00000002   Code   RO          208    i.PendSV_Handler    stm32g0xx_it.o
    0x08003bf8   0x0000000e   Code   RO         3429    i.RingBuffer_Init   ring_buffer.o
    0x08003c06   0x00000032   Code   RO         3430    i.RingBuffer_Insert  ring_buffer.o
    0x08003c38   0x00000082   Code   RO         3431    i.RingBuffer_InsertMult  ring_buffer.o
    0x08003cba   0x00000010   Code   RO         3432    i.RingBuffer_IsEmpty  ring_buffer.o
    0x08003cca   0x00000014   Code   RO         3433    i.RingBuffer_IsFull  ring_buffer.o
    0x08003cde   0x00000032   Code   RO         3434    i.RingBuffer_Pop    ring_buffer.o
    0x08003d10   0x00000080   Code   RO         3435    i.RingBuffer_PopMult  ring_buffer.o
    0x08003d90   0x00000010   Code   RO          209    i.SPI1_IRQHandler   stm32g0xx_it.o
    0x08003da0   0x00000012   Code   RO          357    i.SPI_DMAAbortOnError  stm32g0xx_hal_spi.o
    0x08003db2   0x00000002   Code   RO          210    i.SVC_Handler       stm32g0xx_it.o
    0x08003db4   0x0000000c   Code   RO          211    i.SysTick_Handler   stm32g0xx_it.o
    0x08003dc0   0x0000006c   Code   RO           17    i.SystemClock_Config  main.o
    0x08003e2c   0x00000002   Code   RO         2470    i.SystemInit        system_stm32g0xx.o
    0x08003e2e   0x00000068   Code   RO         2858    i.TjcSendCmd        uartdev.o
    0x08003e96   0x00000002   PAD
    0x08003e98   0x00000044   Code   RO         2369    i.UARTEx_SetNbDataToProcess  stm32g0xx_hal_uart_ex.o
    0x08003edc   0x000000ca   Code   RO         1982    i.UART_AdvFeatureConfig  stm32g0xx_hal_uart.o
    0x08003fa6   0x00000002   PAD
    0x08003fa8   0x00000064   Code   RO         1983    i.UART_CheckIdleState  stm32g0xx_hal_uart.o
    0x0800400c   0x00000014   Code   RO         1984    i.UART_DMAAbortOnError  stm32g0xx_hal_uart.o
    0x08004020   0x00000028   Code   RO         1989    i.UART_DMARxOnlyAbortCallback  stm32g0xx_hal_uart.o
    0x08004048   0x00000064   Code   RO         1994    i.UART_EndRxTransfer  stm32g0xx_hal_uart.o
    0x080040ac   0x000000ae   Code   RO         1996    i.UART_RxISR_16BIT  stm32g0xx_hal_uart.o
    0x0800415a   0x00000002   PAD
    0x0800415c   0x00000190   Code   RO         1997    i.UART_RxISR_16BIT_FIFOEN  stm32g0xx_hal_uart.o
    0x080042ec   0x000000ae   Code   RO         1998    i.UART_RxISR_8BIT   stm32g0xx_hal_uart.o
    0x0800439a   0x00000002   PAD
    0x0800439c   0x00000190   Code   RO         1999    i.UART_RxISR_8BIT_FIFOEN  stm32g0xx_hal_uart.o
    0x0800452c   0x0000020c   Code   RO         2000    i.UART_SetConfig    stm32g0xx_hal_uart.o
    0x08004738   0x0000012c   Code   RO         2002    i.UART_Start_Receive_IT  stm32g0xx_hal_uart.o
    0x08004864   0x00000060   Code   RO         2003    i.UART_TxISR_16BIT  stm32g0xx_hal_uart.o
    0x080048c4   0x00000074   Code   RO         2004    i.UART_TxISR_16BIT_FIFOEN  stm32g0xx_hal_uart.o
    0x08004938   0x0000005c   Code   RO         2005    i.UART_TxISR_8BIT   stm32g0xx_hal_uart.o
    0x08004994   0x00000070   Code   RO         2006    i.UART_TxISR_8BIT_FIFOEN  stm32g0xx_hal_uart.o
    0x08004a04   0x000000d2   Code   RO         2007    i.UART_WaitOnFlagUntilTimeout  stm32g0xx_hal_uart.o
    0x08004ad6   0x00000002   PAD
    0x08004ad8   0x00000010   Code   RO          212    i.USART1_IRQHandler  stm32g0xx_it.o
    0x08004ae8   0x00000010   Code   RO          213    i.USART2_IRQHandler  stm32g0xx_it.o
    0x08004af8   0x00000030   Code   RO         3781    i.__ARM_common_ll_muluu  c_p.l(btod.o)
    0x08004b28   0x0000002c   Code   RO         3801    i.__ARM_fpclassify  m_ps.l(fpclassify.o)
    0x08004b54   0x00000044   Code   RO         1522    i.__NVIC_SetPriority  stm32g0xx_hal_cortex.o
    0x08004b98   0x0000000e   Code   RO         3676    i._is_digit         c_p.l(__printf_wp.o)
    0x08004ba6   0x0000003a   Code   RO         3339    i.appTmr_isr        app_timer.o
    0x08004be0   0x0000002e   Code   RO         3340    i.appTmr_polling    app_timer.o
    0x08004c0e   0x0000001c   Code   RO         3341    i.appTmr_start      app_timer.o
    0x08004c2a   0x00000004   Code   RO         3342    i.appTmr_status     app_timer.o
    0x08004c2e   0x00000006   Code   RO         3343    i.appTmr_stop       app_timer.o
    0x08004c34   0x0000002c   Code   RO         2506    i.as_OUTPUT_OD_NOPULL_HIGH  gpiodecal.o
    0x08004c60   0x0000016c   Code   RO         2690    i.boardInit         board.o
    0x08004dcc   0x00000034   Code   RO         2691    i.boardPreInit      board.o
    0x08004e00   0x00000300   Code   RO         2692    i.brdCmd            board.o
    0x08005100   0x0000000a   Code   RO         2693    i.brdCmdU8          board.o
    0x0800510a   0x0000005e   Code   RO         3378    i.cmdConsumerTmr_handle  cmd_consumer.o
    0x08005168   0x00000038   Code   RO         3379    i.cmdConsumer_append  cmd_consumer.o
    0x080051a0   0x00000004   Code   RO         3380    i.cmdConsumer_remove  cmd_consumer.o
    0x080051a4   0x0000001c   Code   RO         3381    i.cmdConsumer_start  cmd_consumer.o
    0x080051c0   0x0000000a   Code   RO         3382    i.cmdConsumer_stop  cmd_consumer.o
    0x080051ca   0x00000002   PAD
    0x080051cc   0x0000004c   Code   RO         2694    i.configRead        board.o
    0x08005218   0x000000d8   Code   RO         2859    i.fetchLineFromRingBuffer  uartdev.o
    0x080052f0   0x00000008   Code   RO         2860    i.fetchLineFromRingBufferU8  uartdev.o
    0x080052f8   0x0000009e   Code   RO         2861    i.fetchLineFromRingBufferX  uartdev.o
    0x08005396   0x00000002   PAD
    0x08005398   0x00000024   Code   RO         2695    i.forwardToBus      board.o
    0x080053bc   0x00000010   Code   RO         3156    i.iic_io_Read       iic_io.o
    0x080053cc   0x00000010   Code   RO         3157    i.iic_io_Read_Reg16  iic_io.o
    0x080053dc   0x00000010   Code   RO         3158    i.iic_io_Write      iic_io.o
    0x080053ec   0x00000010   Code   RO         3159    i.iic_io_Write_Reg16  iic_io.o
    0x080053fc   0x000000d2   Code   RO         3160    i.iicioRead         iic_io.o
    0x080054ce   0x00000086   Code   RO         3161    i.iicioWrite        iic_io.o
    0x08005554   0x00000020   Code   RO         2696    i.ioReadReg         board.o
    0x08005574   0x0000001c   Code   RO         2697    i.ioWriteReg        board.o
    0x08005590   0x00000014   Code   RO         3530    i.led_flash_answer  led_flash.o
    0x080055a4   0x00000030   Code   RO         3531    i.led_flash_handler  led_flash.o
    0x080055d4   0x00000018   Code   RO         3532    i.led_flash_init    led_flash.o
    0x080055ec   0x0000002c   Code   RO         3533    i.led_flash_setTickTmr  led_flash.o
    0x08005618   0x00000026   Code   RO           18    i.main              main.o
    0x0800563e   0x00000002   PAD
    0x08005640   0x00000040   Code   RO         2698    i.print             board.o
    0x08005680   0x0000001c   Code   RO         2700    i.printS            board.o
    0x0800569c   0x00000048   Code   RO         3231    i.readBuf           at24cxx.o
    0x080056e4   0x00000040   Code   RO         2704    i.rs485AfterSend_1  board.o
    0x08005724   0x00000044   Code   RO         2705    i.rs485BeforeSend_1  board.o
    0x08005768   0x00000006   Code   RO         2965    i.rs485RxFetchFrame  rs485dev.o
    0x0800576e   0x00000006   Code   RO         2966    i.rs485RxMonitor    rs485dev.o
    0x08005774   0x00000006   Code   RO         2967    i.rs485TxPolling    rs485dev.o
    0x0800577a   0x0000001c   Code   RO         2968    i.rs485TxSend       rs485dev.o
    0x08005796   0x0000003a   Code   RO         2969    i.rs485TxSendString  rs485dev.o
    0x080057d0   0x00000074   Code   RO         2970    i.setupRs485Dev     rs485dev.o
    0x08005844   0x00000090   Code   RO         2862    i.setupUartDev      uartdev.o
    0x080058d4   0x00000034   Code   RO         3344    i.setup_appTmr      app_timer.o
    0x08005908   0x00000050   Code   RO         3383    i.setup_cmdConsumer  cmd_consumer.o
    0x08005958   0x00000020   Code   RO         2636    i.strFormat         misc.o
    0x08005978   0x0000002c   Code   RO         3486    i.taskIrq           task.o
    0x080059a4   0x00000068   Code   RO         3487    i.taskPolling       task.o
    0x08005a0c   0x00000010   Code   RO         2863    i.uartIsTxRBuffEmpty  uartdev.o
    0x08005a1c   0x000000e8   Code   RO         2864    i.uartRxFetchFrame  uartdev.o
    0x08005b04   0x00000018   Code   RO         2865    i.uartRxFetchLine   uartdev.o
    0x08005b1c   0x00000076   Code   RO         2866    i.uartRxMonitor     uartdev.o
    0x08005b92   0x00000032   Code   RO         2867    i.uartSend          uartdev.o
    0x08005bc4   0x00000040   Code   RO         2868    i.uartStartRecv     uartdev.o
    0x08005c04   0x00000020   Code   RO         2869    i.uartTestRestartRecv  uartdev.o
    0x08005c24   0x0000004c   Code   RO         2870    i.uartTxPolling     uartdev.o
    0x08005c70   0x00000068   Code   RO         2871    i.uartTxSendFrame   uartdev.o
    0x08005cd8   0x000000ac   Code   RO         3232    i.writeBuf          at24cxx.o
    0x08005d84   0x0000002c   Code   RO         3784    locale$$code        c_p.l(lc_numeric_c.o)
    0x08005db0   0x0000002c   Code   RO         3812    locale$$code        c_p.l(lc_ctype_c.o)
    0x08005ddc   0x00000010   Code   RO         3715    x$fpl$printf1       fz_ps.l(printf1.o)
    0x08005dec   0x00000010   Code   RO         3717    x$fpl$printf2       fz_ps.l(printf2.o)
    0x08005dfc   0x00000000   Code   RO         3800    x$fpl$usenofp       fz_ps.l(usenofp.o)
    0x08005dfc   0x00000018   Data   RO         2008    .constdata          stm32g0xx_hal_uart.o
    0x08005e14   0x00000010   Data   RO         2370    .constdata          stm32g0xx_hal_uart_ex.o
    0x08005e24   0x00000040   Data   RO         2471    .constdata          system_stm32g0xx.o
    0x08005e64   0x00000020   Data   RO         2472    .constdata          system_stm32g0xx.o
    0x08005e84   0x00000020   Data   RO         2637    .constdata          misc.o
    0x08005ea4   0x0000013b   Data   RO         2707    .constdata          board.o
    0x08005fdf   0x00000001   PAD
    0x08005fe0   0x00000008   Data   RO         3240    .constdata          at24cxx.o
    0x08005fe8   0x00000008   Data   RO         3635    .constdata          c_p.l(_printf_wctomb.o)
    0x08005ff0   0x00000028   Data   RO         3664    .constdata          c_p.l(_printf_hex_int_ll_ptr.o)
    0x08006018   0x00000011   Data   RO         3684    .constdata          c_p.l(__printf_flags_ss_wp.o)
    0x08006029   0x00000026   Data   RO         3749    .constdata          c_p.l(_printf_fp_hex.o)
    0x0800604f   0x00000001   PAD
    0x08006050   0x00000094   Data   RO         3777    .constdata          c_p.l(bigflt0.o)
    0x080060e4   0x00000020   Data   RO         3935    Region$$Table       anon$$obj.o
    0x08006104   0x0000001c   Data   RO         3783    locale$$data        c_p.l(lc_numeric_c.o)
    0x08006120   0x00000110   Data   RO         3811    locale$$data        c_p.l(lc_ctype_c.o)


    Execution Region RW_IRAM1 (Base: 0x20000000, Size: 0x00001668, Max: 0x00002000, ABSOLUTE)

    Base Addr    Size         Type   Attr      Idx    E Section Name        Object

    0x20000000   0x0000000c   Data   RW         1653    .data               stm32g0xx_hal.o
    0x2000000c   0x00000004   Data   RW         2473    .data               system_stm32g0xx.o
    0x20000010   0x00000004   Data   RW         2638    .data               misc.o
    0x20000014   0x00000008   Data   RW         2708    .data               board.o
    0x2000001c   0x00000002   Data   RW         3488    .data               task.o
    0x2000001e   0x00000002   PAD
    0x20000020   0x00000010   Data   RW         3534    .data               led_flash.o
    0x20000030   0x0000018c   Zero   RW           19    .bss                main.o
    0x200001bc   0x00000a4c   Zero   RW         2706    .bss                board.o
    0x20000c08   0x00000060   Zero   RW         3804    .bss                c_p.l(libspace.o)
    0x20000c68   0x00000200   Zero   RW            2    HEAP                startup_stm32g031xx.o
    0x20000e68   0x00000800   Zero   RW            1    STACK               startup_stm32g031xx.o


==============================================================================

Image component sizes


      Code (inc. data)   RO Data    RW Data    ZI Data      Debug   Object Name

       194         20          0          0          0       3339   app_timer.o
       318         14          8          0          0       4701   at24cxx.o
      1654        600        315          8       2636      11484   board.o
       272         26          0          0          0       5808   cmd_consumer.o
        52          4          0          0          0       1000   crc16.o
        44          0          0          0          0        863   gpiodecal.o
       826         18          0          0          0       7927   iic_io.o
       136         28          0         16          0       2516   led_flash.o
       626         50          0          0        396     396998   main.o
        32          0         32          4          0       3247   misc.o
       408          0          0          0          0       5776   ring_buffer.o
       220         22          0          0          0       3864   rs485dev.o
        56         26        192          0       2560        604   startup_stm32g031xx.o
       176         26          0         12          0      17445   stm32g0xx_hal.o
       176         34          0          0          0      12380   stm32g0xx_hal_cortex.o
       240         10          0          0          0       1819   stm32g0xx_hal_dma.o
         0          0          0          0          0       2680   stm32g0xx_hal_flash.o
       386         18          0          0          0       2940   stm32g0xx_hal_gpio.o
       372         32          0          0          0       2231   stm32g0xx_hal_msp.o
        76         14          0          0          0        706   stm32g0xx_hal_pwr_ex.o
      1524         88          0          0          0      22689   stm32g0xx_hal_rcc.o
       432         12          0          0          0       1616   stm32g0xx_hal_rcc_ex.o
       504          4          0          0          0       2636   stm32g0xx_hal_spi.o
      4414        140         24          0          0      47190   stm32g0xx_hal_uart.o
       276          6         16          0          0       4874   stm32g0xx_hal_uart_ex.o
        68         18          0          0          0       3237   stm32g0xx_it.o
         2          0         96          4          0       1015   system_stm32g0xx.o
       148         30          0          2          0       1092   task.o
      1346         62          0          0          0      13376   uartdev.o

    ----------------------------------------------------------------------
     15008       1302        716         48       5592     586053   Object Totals
         0          0         32          0          0          0   (incl. Generated)
        30          0          1          2          0          0   (incl. Padding)

    ----------------------------------------------------------------------

      Code (inc. data)   RO Data    RW Data    ZI Data      Debug   Library Member Name

        64         10          0          0          0         84   __0sscanf.o
         8          0          0          0          0         68   __main.o
       392          6         17          0          0         76   __printf_flags_ss_wp.o
        14          0          0          0          0         60   __printf_wp.o
         0          0          0          0          0          0   __rtentry.o
        12          0          0          0          0          0   __rtentry2.o
         6          0          0          0          0          0   __rtentry4.o
        60          8          0          0          0          0   __scatter.o
        26          0          0          0          0          0   __scatter_copy.o
        28          0          0          0          0          0   __scatter_zi.o
        30          0          0          0          0         60   _chval.o
        10          0          0          0          0          0   _printf_a.o
        10          0          0          0          0          0   _printf_c.o
        46          0          0          0          0        100   _printf_char.o
        48          6          0          0          0         88   _printf_char_common.o
        38          0          0          0          0         60   _printf_charcount.o
        10          0          0          0          0          0   _printf_d.o
       108         18          0          0          0         76   _printf_dec.o
        10          0          0          0          0          0   _printf_e.o
        10          0          0          0          0          0   _printf_f.o
      1044         14          0          0          0        176   _printf_fp_dec.o
       724         10         38          0          0         84   _printf_fp_hex.o
       136         16          0          0          0         76   _printf_fp_infnan.o
        10          0          0          0          0          0   _printf_g.o
       152          4         40          0          0        148   _printf_hex_int_ll_ptr.o
        10          0          0          0          0          0   _printf_i.o
       176          0          0          0          0         84   _printf_intcommon.o
        10          0          0          0          0          0   _printf_l.o
        10          0          0          0          0          0   _printf_lc.o
        10          0          0          0          0          0   _printf_ll.o
        10          0          0          0          0          0   _printf_lld.o
        10          0          0          0          0          0   _printf_lli.o
        10          0          0          0          0          0   _printf_llo.o
        10          0          0          0          0          0   _printf_llu.o
        10          0          0          0          0          0   _printf_llx.o
       112         18          0          0          0         76   _printf_longlong_dec.o
        10          0          0          0          0          0   _printf_ls.o
        10          0          0          0          0          0   _printf_n.o
        10          0          0          0          0          0   _printf_o.o
       112         10          0          0          0        112   _printf_oct_int_ll.o
        10          0          0          0          0          0   _printf_p.o
        78          0          0          0          0        100   _printf_pad.o
         2          0          0          0          0          0   _printf_percent.o
         4          0          0          0          0          0   _printf_percent_end.o
        10          0          0          0          0          0   _printf_s.o
        82          0          0          0          0         72   _printf_str.o
        36          0          0          0          0         76   _printf_truncate.o
        10          0          0          0          0          0   _printf_u.o
        46          0          0          0          0        100   _printf_wchar.o
       188          6          8          0          0         80   _printf_wctomb.o
        10          0          0          0          0          0   _printf_x.o
       896         16          0          0          0         84   _scanf.o
       330          0          0          0          0         84   _scanf_int.o
        68          0          0          0          0         76   _sgetc.o
        16          0          0          0          0         60   _snputc.o
        10          0          0          0          0         60   _sputc.o
        64          0          0          0          0         72   _wcrtomb.o
       346          0          0          0          0         92   aeabi_sdiv.o
       200          4        148          0          0         80   bigflt0.o
      1240         12          0          0          0        316   btod.o
        12          0          0          0          0         64   exit.o
         6          0          0          0          0        136   heapauxi.o
         0          0          0          0          0          0   indicate_semi.o
        18          0          0          0          0         68   isspace.o
        44         10        272          0          0         76   lc_ctype_c.o
        44         10         28          0          0         76   lc_numeric_c.o
         2          0          0          0          0          0   libinit.o
        30          0          0          0          0          0   libinit2.o
         2          0          0          0          0          0   libshutdown.o
         2          0          0          0          0          0   libshutdown2.o
         8          4          0          0         96         68   libspace.o
       258          0          0          0          0         88   lludiv.o
       122          0          0          0          0         72   lludiv10.o
        16          4          0          0          0         76   rt_ctype_table.o
         8          4          0          0          0         68   rt_locale_intlibspace.o
        64          0          0          0          0        108   rt_memclr.o
       186          0          0          0          0        144   rt_memcpy.o
       150          0          0          0          0        104   rt_memmove.o
         2          0          0          0          0          0   rtexit.o
        10          0          0          0          0          0   rtexit2.o
        40          0          0          0          0         60   rtudiv10.o
        48          8          0          0          0         84   scanf_char.o
       136          4          0          0          0         72   strcmp.o
        68          6          0          0          0         72   strlen.o
       160          6          0          0          0         76   strncmp.o
        40          0          0          0          0         72   strstr.o
        12          4          0          0          0         60   sys_exit.o
        62          0          0          0          0         80   sys_stackheap_outer.o
         2          0          0          0          0         68   use_no_semi.o
        56          6          0          0          0         72   vsnprintf.o
        16          4          0          0          0         76   printf1.o
        16          4          0          0          0         76   printf2.o
         0          0          0          0          0          0   usenofp.o
        44          4          0          0          0         60   fpclassify.o

    ----------------------------------------------------------------------
      8860        236        552          0         96       4856   Library Totals
        14          0          1          0          0          0   (incl. Padding)

    ----------------------------------------------------------------------

      Code (inc. data)   RO Data    RW Data    ZI Data      Debug   Library Name

      8770        224        551          0         96       4644   c_p.l
        32          8          0          0          0        152   fz_ps.l
        44          4          0          0          0         60   m_ps.l

    ----------------------------------------------------------------------
      8860        236        552          0         96       4856   Library Totals

    ----------------------------------------------------------------------

==============================================================================


      Code (inc. data)   RO Data    RW Data    ZI Data      Debug   

     23868       1538       1268         48       5688     581821   Grand Totals
     23868       1538       1268         48       5688     581821   ELF Image Totals
     23868       1538       1268         48          0          0   ROM Totals

==============================================================================

    Total RO  Size (Code + RO Data)                25136 (  24.55kB)
    Total RW  Size (RW Data + ZI Data)              5736 (   5.60kB)
    Total ROM Size (Code + RO Data + RW Data)      25184 (  24.59kB)

==============================================================================

